Archive member included to satisfy reference by file (symbol)

library.a(initialize.o)       obj/Lab8bMain.o (ClearDisplay)
library.a(stm32f429i_discovery.o)
                              library.a(initialize.o) (BSP_PB_Init)
library.a(stm32f429i_discovery_lcd.o)
                              library.a(initialize.o) (BSP_LCD_Init)
library.a(stm32f429i_discovery_sdram.o)
                              library.a(stm32f429i_discovery_lcd.o) (BSP_SDRAM_Init)
library.a(stm32f4xx_hal.o)    library.a(initialize.o) (HAL_Init)
library.a(stm32f4xx_hal_cortex.o)
                              library.a(stm32f4xx_hal.o) (HAL_NVIC_SetPriorityGrouping)
library.a(stm32f4xx_hal_dma.o)
                              library.a(stm32f429i_discovery_sdram.o) (HAL_DMA_Init)
library.a(stm32f4xx_hal_dma2d.o)
                              library.a(stm32f429i_discovery_lcd.o) (HAL_DMA2D_Init)
library.a(stm32f4xx_hal_gpio.o)
                              library.a(stm32f429i_discovery.o) (HAL_GPIO_Init)
library.a(stm32f4xx_hal_i2c.o)
                              library.a(stm32f429i_discovery.o) (HAL_I2C_Init)
library.a(stm32f4xx_hal_ltdc.o)
                              library.a(stm32f429i_discovery_lcd.o) (HAL_LTDC_Init)
library.a(stm32f4xx_hal_rcc.o)
                              library.a(initialize.o) (HAL_RCC_OscConfig)
library.a(stm32f4xx_hal_rcc_ex.o)
                              library.a(stm32f429i_discovery_lcd.o) (HAL_RCCEx_PeriphCLKConfig)
library.a(stm32f4xx_hal_sdram.o)
                              library.a(stm32f429i_discovery_sdram.o) (HAL_SDRAM_Init)
library.a(stm32f4xx_hal_spi.o)
                              library.a(stm32f429i_discovery.o) (HAL_SPI_Init)
library.a(stm32f4xx_it.o)     library.a(initialize.o) (IncludeThis)
library.a(stm32f4xx_ll_fmc.o)
                              library.a(stm32f4xx_hal_sdram.o) (FMC_SDRAM_Init)
library.a(system_stm32f4xx.o)
                              library.a(stm32f4xx_hal_rcc.o) (SystemCoreClock)
library.a(startup_stm32f429xx.o)
                              library.a(initialize.o) (Reset_Handler)
library.a(ili9341.o)          library.a(stm32f429i_discovery_lcd.o) (ili9341_drv)
/Users/sorenmadsen/Documents/Programs/COEN20/workspace/tools/bin/../lib/gcc/arm-none-eabi/7.3.1/../../../../arm-none-eabi/lib/thumb/v7e-m/fpv4-sp/hard/libc.a(lib_a-exit.o)
                              /Users/sorenmadsen/Documents/Programs/COEN20/workspace/tools/bin/../lib/gcc/arm-none-eabi/7.3.1/../../../../arm-none-eabi/lib/thumb/v7e-m/fpv4-sp/hard/crt0.o (exit)
/Users/sorenmadsen/Documents/Programs/COEN20/workspace/tools/bin/../lib/gcc/arm-none-eabi/7.3.1/../../../../arm-none-eabi/lib/thumb/v7e-m/fpv4-sp/hard/libc.a(lib_a-impure.o)
                              /Users/sorenmadsen/Documents/Programs/COEN20/workspace/tools/bin/../lib/gcc/arm-none-eabi/7.3.1/../../../../arm-none-eabi/lib/thumb/v7e-m/fpv4-sp/hard/libc.a(lib_a-exit.o) (_global_impure_ptr)
/Users/sorenmadsen/Documents/Programs/COEN20/workspace/tools/bin/../lib/gcc/arm-none-eabi/7.3.1/../../../../arm-none-eabi/lib/thumb/v7e-m/fpv4-sp/hard/libc.a(lib_a-init.o)
                              /Users/sorenmadsen/Documents/Programs/COEN20/workspace/tools/bin/../lib/gcc/arm-none-eabi/7.3.1/../../../../arm-none-eabi/lib/thumb/v7e-m/fpv4-sp/hard/crt0.o (__libc_init_array)
/Users/sorenmadsen/Documents/Programs/COEN20/workspace/tools/bin/../lib/gcc/arm-none-eabi/7.3.1/../../../../arm-none-eabi/lib/thumb/v7e-m/fpv4-sp/hard/libc.a(lib_a-memset.o)
                              /Users/sorenmadsen/Documents/Programs/COEN20/workspace/tools/bin/../lib/gcc/arm-none-eabi/7.3.1/../../../../arm-none-eabi/lib/thumb/v7e-m/fpv4-sp/hard/crt0.o (memset)
/Users/sorenmadsen/Documents/Programs/COEN20/workspace/tools/bin/../lib/gcc/arm-none-eabi/7.3.1/../../../../arm-none-eabi/lib/thumb/v7e-m/fpv4-sp/hard/libc.a(lib_a-printf.o)
                              library.a(initialize.o) (printf)
/Users/sorenmadsen/Documents/Programs/COEN20/workspace/tools/bin/../lib/gcc/arm-none-eabi/7.3.1/../../../../arm-none-eabi/lib/thumb/v7e-m/fpv4-sp/hard/libc.a(lib_a-strcpy.o)
                              library.a(initialize.o) (strcpy)
/Users/sorenmadsen/Documents/Programs/COEN20/workspace/tools/bin/../lib/gcc/arm-none-eabi/7.3.1/../../../../arm-none-eabi/lib/thumb/v7e-m/fpv4-sp/hard/libc.a(lib_a-vfprintf.o)
                              /Users/sorenmadsen/Documents/Programs/COEN20/workspace/tools/bin/../lib/gcc/arm-none-eabi/7.3.1/../../../../arm-none-eabi/lib/thumb/v7e-m/fpv4-sp/hard/libc.a(lib_a-printf.o) (_vfprintf_r)
/Users/sorenmadsen/Documents/Programs/COEN20/workspace/tools/bin/../lib/gcc/arm-none-eabi/7.3.1/../../../../arm-none-eabi/lib/thumb/v7e-m/fpv4-sp/hard/libc.a(lib_a-vsprintf.o)
                              obj/Lab8bMain.o (vsprintf)
/Users/sorenmadsen/Documents/Programs/COEN20/workspace/tools/bin/../lib/gcc/arm-none-eabi/7.3.1/../../../../arm-none-eabi/lib/thumb/v7e-m/fpv4-sp/hard/libc.a(lib_a-wsetup.o)
[...]
Memory Configuration

Name             Origin             Length             Attributes
ROM              0x0000000008000000 0x0000000000200000 xr
RAM              0x0000000020000000 0x0000000000030000 xrw
CCM              0x0000000010000000 0x0000000000010000 xrw
*default*        0x0000000000000000 0xffffffffffffffff

Linker script and memory map

LOAD /Users/sorenmadsen/Documents/Programs/COEN20/workspace/tools/bin/../lib/gcc/arm-none-eabi/7.3.1/thumb/v7e-m/fpv4-sp/hard/crti.o
LOAD /Users/sorenmadsen/Documents/Programs/COEN20/workspace/tools/bin/../lib/gcc/arm-none-eabi/7.3.1/thumb/v7e-m/fpv4-sp/hard/crtbegin.o
LOAD /Users/sorenmadsen/Documents/Programs/COEN20/workspace/tools/bin/../lib/gcc/arm-none-eabi/7.3.1/../../../../arm-none-eabi/lib/thumb/v7e-m/fpv4-sp/hard/crt0.o
LOAD obj/Lab8bMain.o
LOAD obj/implementation.o
LOAD library.a
LOAD library.a
LOAD /Users/sorenmadsen/Documents/Programs/COEN20/workspace/tools/bin/../lib/gcc/arm-none-eabi/7.3.1/../../../../arm-none-eabi/lib/thumb/v7e-m/fpv4-sp/hard/libc.a
LOAD /Users/sorenmadsen/Documents/Programs/COEN20/workspace/tools/bin/../lib/gcc/arm-none-eabi/7.3.1/../../../../arm-none-eabi/lib/thumb/v7e-m/fpv4-sp/hard/libnosys.a
LOAD /Users/sorenmadsen/Documents/Programs/COEN20/workspace/tools/bin/../lib/gcc/arm-none-eabi/7.3.1/../../../../arm-none-eabi/lib/thumb/v7e-m/fpv4-sp/hard/libc.a
START GROUP
LOAD /Users/sorenmadsen/Documents/Programs/COEN20/workspace/tools/bin/../lib/gcc/arm-none-eabi/7.3.1/thumb/v7e-m/fpv4-sp/hard/libgcc.a
LOAD /Users/sorenmadsen/Documents/Programs/COEN20/workspace/tools/bin/../lib/gcc/arm-none-eabi/7.3.1/../../../../arm-none-eabi/lib/thumb/v7e-m/fpv4-sp/hard/libc.a
END GROUP
LOAD /Users/sorenmadsen/Documents/Programs/COEN20/workspace/tools/bin/../lib/gcc/arm-none-eabi/7.3.1/thumb/v7e-m/fpv4-sp/hard/crtend.o
LOAD /Users/sorenmadsen/Documents/Programs/COEN20/workspace/tools/bin/../lib/gcc/arm-none-eabi/7.3.1/thumb/v7e-m/fpv4-sp/hard/crtn.o

.text           0x0000000008000000     0xc2ac
 *(.isr_vector)
 .isr_vector    0x0000000008000000      0x1ac library.a(startup_stm32f429xx.o)
                0x0000000008000000                __isr_vector
 *(.text*)
 .text          0x00000000080001ac       0x40 /Users/sorenmadsen/Documents/Programs/COEN20/workspace/tools/bin/../lib/gcc/arm-none-eabi/7.3.1/thumb/v7e-m/fpv4-sp/hard/crtbegin.o
 .text          0x00000000080001ec       0x74 /Users/sorenmadsen/Documents/Programs/COEN20/workspace/tools/bin/../lib/gcc/arm-none-eabi/7.3.1/../../../../arm-none-eabi/lib/thumb/v7e-m/fpv4-sp/hard/crt0.o
                0x00000000080001ec                _mainCRTStartup
                0x00000000080001ec                _start
 .text.PutStringAt
                0x0000000008000260       0x34 obj/Lab8bMain.o
 .text.PutStringAt.constprop.3
                0x0000000008000294       0x2c obj/Lab8bMain.o
 .text.PutStringAt.constprop.4
                0x00000000080002c0       0x34 obj/Lab8bMain.o
 .text.PutStringAt.constprop.5
                0x00000000080002f4       0x30 obj/Lab8bMain.o
 .text.startup.main
                0x0000000008000324      0x578 obj/Lab8bMain.o
                0x0000000008000324                main
 .text          0x000000000800089c       0x80 obj/implementation.o
                0x000000000800089c                Discriminant
                0x00000000080008b4                Root1
                0x00000000080008dc                Root2
                0x0000000008000904                Quadratic
 .text.ClearDisplay
                0x000000000800091c       0x34 library.a(initialize.o)
                0x000000000800091c                ClearDisplay
 .text.DisplayHeader
                0x0000000008000950       0x7c library.a(initialize.o)
                0x0000000008000950                DisplayHeader
 .text.DisplayFooter
                0x00000000080009cc       0x58 library.a(initialize.o)
                0x00000000080009cc                DisplayFooter
 .text.InitializeHardware
                0x0000000008000a24      0x110 library.a(initialize.o)
                0x0000000008000a24                InitializeHardware
 .text.WaitForPushButton
                0x0000000008000b34       0x18 library.a(initialize.o)
                0x0000000008000b34                WaitForPushButton
 .text.SPIx_Init
                0x0000000008000b4c       0x94 library.a(stm32f429i_discovery.o)
 .text.SPIx_Write
                0x0000000008000be0       0x30 library.a(stm32f429i_discovery.o)
 .text.BSP_PB_Init
                0x0000000008000c10       0x70 library.a(stm32f429i_discovery.o)
                0x0000000008000c10                BSP_PB_Init
 .text.BSP_PB_GetState
                0x0000000008000c80       0x14 library.a(stm32f429i_discovery.o)
                0x0000000008000c80                BSP_PB_GetState
 .text.LCD_IO_Init
                0x0000000008000c94       0xb0 library.a(stm32f429i_discovery.o)
                0x0000000008000c94                LCD_IO_Init
 .text.LCD_IO_WriteData
                0x0000000008000d44       0x38 library.a(stm32f429i_discovery.o)
                0x0000000008000d44                LCD_IO_WriteData
 .text.LCD_IO_WriteReg
                0x0000000008000d7c       0x38 library.a(stm32f429i_discovery.o)
                0x0000000008000d7c                LCD_IO_WriteReg
 .text.LCD_IO_ReadData
                0x0000000008000db4       0x6c library.a(stm32f429i_discovery.o)
                0x0000000008000db4                LCD_IO_ReadData
 .text.LCD_Delay
                0x0000000008000e20        0x4 library.a(stm32f429i_discovery.o)
                0x0000000008000e20                LCD_Delay
 .text.FillBuffer
                0x0000000008000e24       0x64 library.a(stm32f429i_discovery_lcd.o)
 .text.BSP_LCD_Init
                0x0000000008000e88      0x1cc library.a(stm32f429i_discovery_lcd.o)
                0x0000000008000e88                BSP_LCD_Init
 .text.BSP_LCD_GetXSize
                0x0000000008001054       0x10 library.a(stm32f429i_discovery_lcd.o)
                0x0000000008001054                BSP_LCD_GetXSize
 .text.BSP_LCD_GetYSize
                0x0000000008001064       0x10 library.a(stm32f429i_discovery_lcd.o)
                0x0000000008001064                BSP_LCD_GetYSize
 .text.BSP_LCD_LayerDefaultInit
                0x0000000008001074       0x7c library.a(stm32f429i_discovery_lcd.o)
                0x0000000008001074                BSP_LCD_LayerDefaultInit
 .text.BSP_LCD_SelectLayer
                0x00000000080010f0        0xc library.a(stm32f429i_discovery_lcd.o)
                0x00000000080010f0                BSP_LCD_SelectLayer
 .text.BSP_LCD_SetTextColor
                0x00000000080010fc       0x18 library.a(stm32f429i_discovery_lcd.o)
                0x00000000080010fc                BSP_LCD_SetTextColor
 .text.BSP_LCD_SetBackColor
                0x0000000008001114       0x18 library.a(stm32f429i_discovery_lcd.o)
                0x0000000008001114                BSP_LCD_SetBackColor
 .text.BSP_LCD_SetFont
                0x000000000800112c       0x18 library.a(stm32f429i_discovery_lcd.o)
                0x000000000800112c                BSP_LCD_SetFont
 .text.BSP_LCD_Clear
                0x0000000008001144       0x3c library.a(stm32f429i_discovery_lcd.o)
                0x0000000008001144                BSP_LCD_Clear
 .text.BSP_LCD_DrawHLine
                0x0000000008001180       0x50 library.a(stm32f429i_discovery_lcd.o)
                0x0000000008001180                BSP_LCD_DrawHLine
 .text.BSP_LCD_FillRect
                0x00000000080011d0       0x5c library.a(stm32f429i_discovery_lcd.o)
                0x00000000080011d0                BSP_LCD_FillRect
 .text.BSP_LCD_DisplayOn
                0x000000000800122c       0x10 library.a(stm32f429i_discovery_lcd.o)
                0x000000000800122c                BSP_LCD_DisplayOn
 .text.BSP_LCD_DrawPixel
                0x000000000800123c       0x2c library.a(stm32f429i_discovery_lcd.o)
                0x000000000800123c                BSP_LCD_DrawPixel
 .text.BSP_LCD_DisplayChar
                0x0000000008001268       0xd0 library.a(stm32f429i_discovery_lcd.o)
                0x0000000008001268                BSP_LCD_DisplayChar
 .text.BSP_LCD_DisplayStringAt
                0x0000000008001338       0xb8 library.a(stm32f429i_discovery_lcd.o)
                0x0000000008001338                BSP_LCD_DisplayStringAt
 .text.BSP_LCD_DrawLine
                0x00000000080013f0       0xd0 library.a(stm32f429i_discovery_lcd.o)
                0x00000000080013f0                BSP_LCD_DrawLine
 .text.BSP_LCD_DrawCircle
                0x00000000080014c0      0x138 library.a(stm32f429i_discovery_lcd.o)
                0x00000000080014c0                BSP_LCD_DrawCircle
 .text.BSP_LCD_FillCircle
                0x00000000080015f8       0xaa library.a(stm32f429i_discovery_lcd.o)
                0x00000000080015f8                BSP_LCD_FillCircle
 *fill*         0x00000000080016a2        0x2 
 .text.BSP_SDRAM_Initialization_sequence
                0x00000000080016a4       0x94 library.a(stm32f429i_discovery_sdram.o)
                0x00000000080016a4                BSP_SDRAM_Initialization_sequence
 .text.BSP_SDRAM_Init
                0x0000000008001738      0x1d4 library.a(stm32f429i_discovery_sdram.o)
                0x0000000008001738                BSP_SDRAM_Init
 .text.HAL_MspInit
                0x000000000800190c        0x2 library.a(stm32f4xx_hal.o)
                0x000000000800190c                HAL_MspInit
 .text.HAL_InitTick
                0x000000000800190e       0x24 library.a(stm32f4xx_hal.o)
                0x000000000800190e                HAL_InitTick
 *fill*         0x0000000008001932        0x2 
 .text.HAL_Init
                0x0000000008001934       0x34 library.a(stm32f4xx_hal.o)
                0x0000000008001934                HAL_Init
 .text.HAL_IncTick
                0x0000000008001968       0x10 library.a(stm32f4xx_hal.o)
                0x0000000008001968                HAL_IncTick
 .text.HAL_GetTick
                0x0000000008001978        0xc library.a(stm32f4xx_hal.o)
                0x0000000008001978                HAL_GetTick
 .text.HAL_Delay
                0x0000000008001984       0x1a library.a(stm32f4xx_hal.o)
                0x0000000008001984                HAL_Delay
 *fill*         0x000000000800199e        0x2 
 .text.HAL_NVIC_SetPriorityGrouping
                0x00000000080019a0       0x24 library.a(stm32f4xx_hal_cortex.o)
                0x00000000080019a0                HAL_NVIC_SetPriorityGrouping
 .text.HAL_NVIC_SetPriority
                0x00000000080019c4       0x68 library.a(stm32f4xx_hal_cortex.o)
                0x00000000080019c4                HAL_NVIC_SetPriority
 .text.HAL_NVIC_EnableIRQ
                0x0000000008001a2c       0x18 library.a(stm32f4xx_hal_cortex.o)
                0x0000000008001a2c                HAL_NVIC_EnableIRQ
 .text.HAL_SYSTICK_Config
                0x0000000008001a44       0x2c library.a(stm32f4xx_hal_cortex.o)
                0x0000000008001a44                HAL_SYSTICK_Config
 .text.HAL_DMA_Init
                0x0000000008001a70       0x78 library.a(stm32f4xx_hal_dma.o)
                0x0000000008001a70                HAL_DMA_Init
 .text.HAL_DMA_DeInit
                0x0000000008001ae8      0xac4 library.a(stm32f4xx_hal_dma.o)
                0x0000000008001ae8                HAL_DMA_DeInit
 .text.DMA2D_SetConfig
                0x00000000080025ac       0x80 library.a(stm32f4xx_hal_dma2d.o)
 .text.HAL_DMA2D_MspInit
                0x000000000800262c        0x2 library.a(stm32f4xx_hal_dma2d.o)
                0x000000000800262c                HAL_DMA2D_MspInit
 .text.HAL_DMA2D_Init
                0x000000000800262e       0x5c library.a(stm32f4xx_hal_dma2d.o)
                0x000000000800262e                HAL_DMA2D_Init
 .text.HAL_DMA2D_Start
                0x000000000800268a       0x40 library.a(stm32f4xx_hal_dma2d.o)
                0x000000000800268a                HAL_DMA2D_Start
 .text.HAL_DMA2D_PollForTransfer
                0x00000000080026ca       0xc2 library.a(stm32f4xx_hal_dma2d.o)
                0x00000000080026ca                HAL_DMA2D_PollForTransfer
 .text.HAL_DMA2D_ConfigLayer
                0x000000000800278c       0xe8 library.a(stm32f4xx_hal_dma2d.o)
                0x000000000800278c                HAL_DMA2D_ConfigLayer
 .text.HAL_GPIO_Init
                0x0000000008002874      0x1d8 library.a(stm32f4xx_hal_gpio.o)
                0x0000000008002874                HAL_GPIO_Init
 .text.HAL_GPIO_ReadPin
                0x0000000008002a4c        0xc library.a(stm32f4xx_hal_gpio.o)
                0x0000000008002a4c                HAL_GPIO_ReadPin
 .text.HAL_GPIO_WritePin
                0x0000000008002a58        0xa library.a(stm32f4xx_hal_gpio.o)
                0x0000000008002a58                HAL_GPIO_WritePin
 .text.LTDC_SetConfig
                0x0000000008002a62      0x148 library.a(stm32f4xx_hal_ltdc.o)
 .text.HAL_LTDC_MspInit
                0x0000000008002baa        0x2 library.a(stm32f4xx_hal_ltdc.o)
                0x0000000008002baa                HAL_LTDC_MspInit
 .text.HAL_LTDC_Init
                0x0000000008002bac       0xfc library.a(stm32f4xx_hal_ltdc.o)
                0x0000000008002bac                HAL_LTDC_Init
 .text.HAL_LTDC_ConfigLayer
                0x0000000008002ca8       0x52 library.a(stm32f4xx_hal_ltdc.o)
                0x0000000008002ca8                HAL_LTDC_ConfigLayer
 *fill*         0x0000000008002cfa        0x2 
 .text.HAL_LTDC_EnableDither
                0x0000000008002cfc       0x34 library.a(stm32f4xx_hal_ltdc.o)
                0x0000000008002cfc                HAL_LTDC_EnableDither
 .text.HAL_RCC_OscConfig
                0x0000000008002d30      0x33c library.a(stm32f4xx_hal_rcc.o)
                0x0000000008002d30                HAL_RCC_OscConfig
 .text.HAL_RCC_ClockConfig
                0x000000000800306c      0x1f8 library.a(stm32f4xx_hal_rcc.o)
                0x000000000800306c                HAL_RCC_ClockConfig
 .text.HAL_RCC_GetSysClockFreq
                0x0000000008003264       0x78 library.a(stm32f4xx_hal_rcc.o)
                0x0000000008003264                HAL_RCC_GetSysClockFreq
 .text.HAL_RCC_GetHCLKFreq
                0x00000000080032dc       0x38 library.a(stm32f4xx_hal_rcc.o)
                0x00000000080032dc                HAL_RCC_GetHCLKFreq
 .text.HAL_RCCEx_PeriphCLKConfig
                0x0000000008003314      0x2e8 library.a(stm32f4xx_hal_rcc_ex.o)
                0x0000000008003314                HAL_RCCEx_PeriphCLKConfig
 .text.HAL_SDRAM_MspInit
                0x00000000080035fc        0x2 library.a(stm32f4xx_hal_sdram.o)
                0x00000000080035fc                HAL_SDRAM_MspInit
 .text.HAL_SDRAM_Init
                0x00000000080035fe       0x40 library.a(stm32f4xx_hal_sdram.o)
                0x00000000080035fe                HAL_SDRAM_Init
 .text.HAL_SDRAM_SendCommand
                0x000000000800363e       0x2e library.a(stm32f4xx_hal_sdram.o)
                0x000000000800363e                HAL_SDRAM_SendCommand
 .text.HAL_SDRAM_ProgramRefreshRate
                0x000000000800366c       0x24 library.a(stm32f4xx_hal_sdram.o)
                0x000000000800366c                HAL_SDRAM_ProgramRefreshRate
 .text.SPI_WaitOnFlagUntilTimeout
                0x0000000008003690       0x94 library.a(stm32f4xx_hal_spi.o)
 .text.HAL_SPI_MspInit
                0x0000000008003724        0x2 library.a(stm32f4xx_hal_spi.o)
                0x0000000008003724                HAL_SPI_MspInit
 .text.HAL_SPI_Init
                0x0000000008003726       0x82 library.a(stm32f4xx_hal_spi.o)
                0x0000000008003726                HAL_SPI_Init
 .text.HAL_SPI_MspDeInit
                0x00000000080037a8        0x2 library.a(stm32f4xx_hal_spi.o)
                0x00000000080037a8                HAL_SPI_MspDeInit
 .text.HAL_SPI_DeInit
                0x00000000080037aa       0x26 library.a(stm32f4xx_hal_spi.o)
                0x00000000080037aa                HAL_SPI_DeInit
 .text.HAL_SPI_Transmit
                0x00000000080037d0      0x148 library.a(stm32f4xx_hal_spi.o)
                0x00000000080037d0                HAL_SPI_Transmit
 .text.HAL_SPI_TransmitReceive
                0x0000000008003918      0x2c4 library.a(stm32f4xx_hal_spi.o)
                0x0000000008003918                HAL_SPI_TransmitReceive
 .text.HAL_SPI_Receive
                0x0000000008003bdc      0x1d0 library.a(stm32f4xx_hal_spi.o)
                0x0000000008003bdc                HAL_SPI_Receive
 .text.HAL_SPI_GetState
                0x0000000008003dac        0x6 library.a(stm32f4xx_hal_spi.o)
                0x0000000008003dac                HAL_SPI_GetState
 .text.NMI_Handler
                0x0000000008003db2        0x2 library.a(stm32f4xx_it.o)
                0x0000000008003db2                NMI_Handler
 .text.SVC_Handler
                0x0000000008003db4        0x2 library.a(stm32f4xx_it.o)
                0x0000000008003db4                SVC_Handler
 .text.DebugMon_Handler
                0x0000000008003db6        0x2 library.a(stm32f4xx_it.o)
                0x0000000008003db6                DebugMon_Handler
 .text.PendSV_Handler
                0x0000000008003db8        0x2 library.a(stm32f4xx_it.o)
                0x0000000008003db8                PendSV_Handler
 .text.SysTick_Handler
                0x0000000008003dba        0x4 library.a(stm32f4xx_it.o)
                0x0000000008003dba                SysTick_Handler
 *fill*         0x0000000008003dbe        0x2 
 .text.FMC_SDRAM_Init
                0x0000000008003dc0       0x6c library.a(stm32f4xx_ll_fmc.o)
                0x0000000008003dc0                FMC_SDRAM_Init
 .text.FMC_SDRAM_Timing_Init
                0x0000000008003e2c       0x70 library.a(stm32f4xx_ll_fmc.o)
                0x0000000008003e2c                FMC_SDRAM_Timing_Init
 .text.FMC_SDRAM_SendCommand
                0x0000000008003e9c       0x4c library.a(stm32f4xx_ll_fmc.o)
                0x0000000008003e9c                FMC_SDRAM_SendCommand
 .text.FMC_SDRAM_ProgramRefreshRate
                0x0000000008003ee8        0xc library.a(stm32f4xx_ll_fmc.o)
                0x0000000008003ee8                FMC_SDRAM_ProgramRefreshRate
 .text.SystemInit
                0x0000000008003ef4       0x4c library.a(system_stm32f4xx.o)
                0x0000000008003ef4                SystemInit
 .text          0x0000000008003f40      0x118 library.a(startup_stm32f429xx.o)
                0x0000000008003f40                Reset_Handler
                0x0000000008003f90                HardFault_Handler
                0x0000000008003f92                MemManage_Handler
                0x0000000008003f94                BusFault_Handler
                0x0000000008003f96                UsageFault_Handler
                0x0000000008003f98                Default_Handler
                0x0000000008003f9a                WWDG_IRQHandler
                0x0000000008003f9c                PVD_IRQHandler
                0x0000000008003f9e                TAMP_STAMP_IRQHandler
                0x0000000008003fa0                RTC_WKUP_IRQHandler
                0x0000000008003fa2                FLASH_IRQHandler
                0x0000000008003fa4                RCC_IRQHandler
                0x0000000008003fa6                EXTI0_IRQHandler
                0x0000000008003fa8                EXTI1_IRQHandler
                0x0000000008003faa                EXTI2_IRQHandler
                0x0000000008003fac                EXTI3_IRQHandler
                0x0000000008003fae                EXTI4_IRQHandler
                0x0000000008003fb0                DMA1_Stream0_IRQHandler
                0x0000000008003fb2                DMA1_Stream1_IRQHandler
                0x0000000008003fb4                DMA1_Stream2_IRQHandler
                0x0000000008003fb6                DMA1_Stream3_IRQHandler
                0x0000000008003fb8                DMA1_Stream4_IRQHandler
                0x0000000008003fba                DMA1_Stream5_IRQHandler
                0x0000000008003fbc                DMA1_Stream6_IRQHandler
                0x0000000008003fbe                ADC_IRQHandler
                0x0000000008003fc0                CAN1_TX_IRQHandler
                0x0000000008003fc2                CAN1_RX0_IRQHandler
                0x0000000008003fc4                CAN1_RX1_IRQHandler
                0x0000000008003fc6                CAN1_SCE_IRQHandler
                0x0000000008003fc8                EXTI9_5_IRQHandler
                0x0000000008003fca                TIM1_BRK_TIM9_IRQHandler
                0x0000000008003fcc                TIM1_UP_TIM10_IRQHandler
                0x0000000008003fce                TIM1_TRG_COM_TIM11_IRQHandler
                0x0000000008003fd0                TIM1_CC_IRQHandler
                0x0000000008003fd2                TIM2_IRQHandler
                0x0000000008003fd4                TIM3_IRQHandler
                0x0000000008003fd6                TIM4_IRQHandler
                0x0000000008003fd8                I2C1_EV_IRQHandler
                0x0000000008003fda                I2C1_ER_IRQHandler
                0x0000000008003fdc                I2C2_EV_IRQHandler
                0x0000000008003fde                I2C2_ER_IRQHandler
                0x0000000008003fe0                SPI1_IRQHandler
                0x0000000008003fe2                SPI2_IRQHandler
                0x0000000008003fe4                USART1_IRQHandler
                0x0000000008003fe6                USART2_IRQHandler
                0x0000000008003fe8                USART3_IRQHandler
                0x0000000008003fea                EXTI15_10_IRQHandler
                0x0000000008003fec                RTC_Alarm_IRQHandler
                0x0000000008003fee                OTG_FS_WKUP_IRQHandler
                0x0000000008003ff0                TIM8_BRK_TIM12_IRQHandler
                0x0000000008003ff2                TIM8_UP_TIM13_IRQHandler
                0x0000000008003ff4                TIM8_TRG_COM_TIM14_IRQHandler
                0x0000000008003ff6                TIM8_CC_IRQHandler
                0x0000000008003ff8                DMA1_Stream7_IRQHandler
                0x0000000008003ffa                FSMC_IRQHandler
                0x0000000008003ffc                SDIO_IRQHandler
                0x0000000008003ffe                TIM5_IRQHandler
                0x0000000008004000                SPI3_IRQHandler
                0x0000000008004002                UART4_IRQHandler
                0x0000000008004004                UART5_IRQHandler
                0x0000000008004006                TIM6_DAC_IRQHandler
                0x0000000008004008                TIM7_IRQHandler
                0x000000000800400a                DMA2_Stream0_IRQHandler
                0x000000000800400c                DMA2_Stream1_IRQHandler
                0x000000000800400e                DMA2_Stream2_IRQHandler
                0x0000000008004010                DMA2_Stream3_IRQHandler
                0x0000000008004012                DMA2_Stream4_IRQHandler
                0x0000000008004014                ETH_IRQHandler
                0x0000000008004016                ETH_WKUP_IRQHandler
                0x0000000008004018                CAN2_TX_IRQHandler
                0x000000000800401a                CAN2_RX0_IRQHandler
                0x000000000800401c                CAN2_RX1_IRQHandler
                0x000000000800401e                CAN2_SCE_IRQHandler
                0x0000000008004020                OTG_FS_IRQHandler
                0x0000000008004022                DMA2_Stream5_IRQHandler
                0x0000000008004024                DMA2_Stream6_IRQHandler
                0x0000000008004026                DMA2_Stream7_IRQHandler
                0x0000000008004028                USART6_IRQHandler
                0x000000000800402a                I2C3_EV_IRQHandler
                0x000000000800402c                I2C3_ER_IRQHandler
                0x000000000800402e                OTG_HS_EP1_OUT_IRQHandler
                0x0000000008004030                OTG_HS_EP1_IN_IRQHandler
                0x0000000008004032                OTG_HS_WKUP_IRQHandler
                0x0000000008004034                OTG_HS_IRQHandler
                0x0000000008004036                DCMI_IRQHandler
                0x0000000008004038                CRYP_IRQHandler
                0x000000000800403a                HASH_RNG_IRQHandler
                0x000000000800403c                FPU_IRQHandler
                0x000000000800403e                UART7_IRQHandler
                0x0000000008004040                UART8_IRQHandler
                0x0000000008004042                SPI4_IRQHandler
                0x0000000008004044                SPI5_IRQHandler
                0x0000000008004046                SPI6_IRQHandler
                0x0000000008004048                SAI1_IRQHandler
                0x000000000800404a                LTDC_IRQHandler
                0x000000000800404c                LTDC_ER_IRQHandler
                0x000000000800404e                DMA2D_IRQHandler
 .text.ili9341_GetLcdPixelWidth
                0x0000000008004058        0x4 library.a(ili9341.o)
                0x0000000008004058                ili9341_GetLcdPixelWidth
 .text.ili9341_GetLcdPixelHeight
                0x000000000800405c        0x6 library.a(ili9341.o)
                0x000000000800405c                ili9341_GetLcdPixelHeight
 .text.ili9341_DisplayOn
                0x0000000008004062        0x6 library.a(ili9341.o)
                0x0000000008004062                ili9341_DisplayOn
 .text.ili9341_DisplayOff
                0x0000000008004068        0x6 library.a(ili9341.o)
                0x0000000008004068                ili9341_DisplayOff
 .text.ili9341_Init
                0x000000000800406e      0x292 library.a(ili9341.o)
                0x000000000800406e                ili9341_Init
 .text.ili9341_ReadID
                0x0000000008004300       0x12 library.a(ili9341.o)
                0x0000000008004300                ili9341_ReadID
 *fill*         0x0000000008004312        0x2 
 .text.exit     0x0000000008004314       0x20 /Users/sorenmadsen/Documents/Programs/COEN20/workspace/tools/bin/../lib/gcc/arm-none-eabi/7.3.1/../../../../arm-none-eabi/lib/thumb/v7e-m/fpv4-sp/hard/libc.a(lib_a-exit.o)
                0x0000000008004314                exit
 .text.__libc_init_array
                0x0000000008004334       0x48 /Users/sorenmadsen/Documents/Programs/COEN20/workspace/tools/bin/../lib/gcc/arm-none-eabi/7.3.1/../../../../arm-none-eabi/lib/thumb/v7e-m/fpv4-sp/hard/libc.a(lib_a-init.o)
                0x0000000008004334                __libc_init_array
 .text.memset   0x000000000800437c       0x94 /Users/sorenmadsen/Documents/Programs/COEN20/workspace/tools/bin/../lib/gcc/arm-none-eabi/7.3.1/../../../../arm-none-eabi/lib/thumb/v7e-m/fpv4-sp/hard/libc.a(lib_a-memset.o)
                0x000000000800437c                memset
 .text._vsprintf_r
                0x0000000008004410       0x28 /Users/sorenmadsen/Documents/Programs/COEN20/workspace/tools/bin/../lib/gcc/arm-none-eabi/7.3.1/../../../../arm-none-eabi/lib/thumb/v7e-m/fpv4-sp/hard/libc.a(lib_a-vsprintf.o)
                0x0000000008004410                _vsprintf_r
 .text.vsprintf
                0x0000000008004438       0x18 /Users/sorenmadsen/Documents/Programs/COEN20/workspace/tools/bin/../lib/gcc/arm-none-eabi/7.3.1/../../../../arm-none-eabi/lib/thumb/v7e-m/fpv4-sp/hard/libc.a(lib_a-vsprintf.o)
                0x0000000008004438                vsprintf
 .text.startup.register_fini
                0x0000000008004450       0x14 /Users/sorenmadsen/Documents/Programs/COEN20/workspace/tools/bin/../lib/gcc/arm-none-eabi/7.3.1/../../../../arm-none-eabi/lib/thumb/v7e-m/fpv4-sp/hard/libc.a(lib_a-__call_atexit.o)
 .text.__call_exitprocs
                0x0000000008004464       0xe8 /Users/sorenmadsen/Documents/Programs/COEN20/workspace/tools/bin/../lib/gcc/arm-none-eabi/7.3.1/../../../../arm-none-eabi/lib/thumb/v7e-m/fpv4-sp/hard/libc.a(lib_a-__call_atexit.o)
                0x0000000008004464                __call_exitprocs
 .text.atexit   0x000000000800454c        0xc /Users/sorenmadsen/Documents/Programs/COEN20/workspace/tools/bin/../lib/gcc/arm-none-eabi/7.3.1/../../../../arm-none-eabi/lib/thumb/v7e-m/fpv4-sp/hard/libc.a(lib_a-atexit.o)
                0x000000000800454c                atexit
 .text.quorem   0x0000000008004558      0x124 /Users/sorenmadsen/Documents/Programs/COEN20/workspace/tools/bin/../lib/gcc/arm-none-eabi/7.3.1/../../../../arm-none-eabi/lib/thumb/v7e-m/fpv4-sp/hard/libc.a(lib_a-dtoa.o)
 *fill*         0x000000000800467c        0x4 
 .text._dtoa_r  0x0000000008004680      0xe20 /Users/sorenmadsen/Documents/Programs/COEN20/workspace/tools/bin/../lib/gcc/arm-none-eabi/7.3.1/../../../../arm-none-eabi/lib/thumb/v7e-m/fpv4-sp/hard/libc.a(lib_a-dtoa.o)
                0x0000000008004680                _dtoa_r
 .text.__libc_fini_array
                0x00000000080054a0       0x34 /Users/sorenmadsen/Documents/Programs/COEN20/workspace/tools/bin/../lib/gcc/arm-none-eabi/7.3.1/../../../../arm-none-eabi/lib/thumb/v7e-m/fpv4-sp/hard/libc.a(lib_a-fini.o)
                0x00000000080054a0                __libc_fini_array
 .text._malloc_trim_r
                0x00000000080054d4       0xa0 /Users/sorenmadsen/Documents/Programs/COEN20/workspace/tools/bin/../lib/gcc/arm-none-eabi/7.3.1/../../../../arm-none-eabi/lib/thumb/v7e-m/fpv4-sp/hard/libc.a(lib_a-freer.o)
                0x00000000080054d4                _malloc_trim_r
 .text._free_r  0x0000000008005574      0x1e8 /Users/sorenmadsen/Documents/Programs/COEN20/workspace/tools/bin/../lib/gcc/arm-none-eabi/7.3.1/../../../../arm-none-eabi/lib/thumb/v7e-m/fpv4-sp/hard/libc.a(lib_a-freer.o)
                0x0000000008005574                _free_r
 .text._localeconv_r
                0x000000000800575c       0x1c /Users/sorenmadsen/Documents/Programs/COEN20/workspace/tools/bin/../lib/gcc/arm-none-eabi/7.3.1/../../../../arm-none-eabi/lib/thumb/v7e-m/fpv4-sp/hard/libc.a(lib_a-localeconv.o)
                0x000000000800575c                _localeconv_r
 .text.__retarget_lock_acquire_recursive
                0x0000000008005778        0x4 /Users/sorenmadsen/Documents/Programs/COEN20/workspace/tools/bin/../lib/gcc/arm-none-eabi/7.3.1/../../../../arm-none-eabi/lib/thumb/v7e-m/fpv4-sp/hard/libc.a(lib_a-lock.o)
                0x0000000008005778                __retarget_lock_acquire_recursive
 .text.__retarget_lock_release_recursive
                0x000000000800577c        0x4 /Users/sorenmadsen/Documents/Programs/COEN20/workspace/tools/bin/../lib/gcc/arm-none-eabi/7.3.1/../../../../arm-none-eabi/lib/thumb/v7e-m/fpv4-sp/hard/libc.a(lib_a-lock.o)
                0x000000000800577c                __retarget_lock_release_recursive
 .text._malloc_r
                0x0000000008005780      0x548 /Users/sorenmadsen/Documents/Programs/COEN20/workspace/tools/bin/../lib/gcc/arm-none-eabi/7.3.1/../../../../arm-none-eabi/lib/thumb/v7e-m/fpv4-sp/hard/libc.a(lib_a-mallocr.o)
                0x0000000008005780                _malloc_r
 *fill*         0x0000000008005cc8        0x8 
 .text          0x0000000008005cd0       0xa0 /Users/sorenmadsen/Documents/Programs/COEN20/workspace/tools/bin/../lib/gcc/arm-none-eabi/7.3.1/../../../../arm-none-eabi/lib/thumb/v7e-m/fpv4-sp/hard/libc.a(lib_a-memchr.o)
                0x0000000008005cd0                memchr
 .text          0x0000000008005d70      0x134 /Users/sorenmadsen/Documents/Programs/COEN20/workspace/tools/bin/../lib/gcc/arm-none-eabi/7.3.1/../../../../arm-none-eabi/lib/thumb/v7e-m/fpv4-sp/hard/libc.a(lib_a-memcpy.o)
                0x0000000008005d70                memcpy
 .text.__malloc_lock
                0x0000000008005ea4        0xc /Users/sorenmadsen/Documents/Programs/COEN20/workspace/tools/bin/../lib/gcc/arm-none-eabi/7.3.1/../../../../arm-none-eabi/lib/thumb/v7e-m/fpv4-sp/hard/libc.a(lib_a-mlock.o)
                0x0000000008005ea4                __malloc_lock
 .text.__malloc_unlock
                0x0000000008005eb0        0xc /Users/sorenmadsen/Documents/Programs/COEN20/workspace/tools/bin/../lib/gcc/arm-none-eabi/7.3.1/../../../../arm-none-eabi/lib/thumb/v7e-m/fpv4-sp/hard/libc.a(lib_a-mlock.o)
                0x0000000008005eb0                __malloc_unlock
 .text._Balloc  0x0000000008005ebc       0x4c /Users/sorenmadsen/Documents/Programs/COEN20/workspace/tools/bin/../lib/gcc/arm-none-eabi/7.3.1/../../../../arm-none-eabi/lib/thumb/v7e-m/fpv4-sp/hard/libc.a(lib_a-mprec.o)
                0x0000000008005ebc                _Balloc
 .text._Bfree   0x0000000008005f08       0x14 /Users/sorenmadsen/Documents/Programs/COEN20/workspace/tools/bin/../lib/gcc/arm-none-eabi/7.3.1/../../../../arm-none-eabi/lib/thumb/v7e-m/fpv4-sp/hard/libc.a(lib_a-mprec.o)
                0x0000000008005f08                _Bfree
 .text.__multadd
                0x0000000008005f1c       0x80 /Users/sorenmadsen/Documents/Programs/COEN20/workspace/tools/bin/../lib/gcc/arm-none-eabi/7.3.1/../../../../arm-none-eabi/lib/thumb/v7e-m/fpv4-sp/hard/libc.a(lib_a-mprec.o)
                0x0000000008005f1c                __multadd
 .text.__hi0bits
                0x0000000008005f9c       0x40 /Users/sorenmadsen/Documents/Programs/COEN20/workspace/tools/bin/../lib/gcc/arm-none-eabi/7.3.1/../../../../arm-none-eabi/lib/thumb/v7e-m/fpv4-sp/hard/libc.a(lib_a-mprec.o)
                0x0000000008005f9c                __hi0bits
 .text.__lo0bits
                0x0000000008005fdc       0x60 /Users/sorenmadsen/Documents/Programs/COEN20/workspace/tools/bin/../lib/gcc/arm-none-eabi/7.3.1/../../../../arm-none-eabi/lib/thumb/v7e-m/fpv4-sp/hard/libc.a(lib_a-mprec.o)
                0x0000000008005fdc                __lo0bits
 .text.__i2b    0x000000000800603c       0x14 /Users/sorenmadsen/Documents/Programs/COEN20/workspace/tools/bin/../lib/gcc/arm-none-eabi/7.3.1/../../../../arm-none-eabi/lib/thumb/v7e-m/fpv4-sp/hard/libc.a(lib_a-mprec.o)
                0x000000000800603c                __i2b
 .text.__multiply
                0x0000000008006050      0x14c /Users/sorenmadsen/Documents/Programs/COEN20/workspace/tools/bin/../lib/gcc/arm-none-eabi/7.3.1/../../../../arm-none-eabi/lib/thumb/v7e-m/fpv4-sp/hard/libc.a(lib_a-mprec.o)
                0x0000000008006050                __multiply
 .text.__pow5mult
                0x000000000800619c       0xa0 /Users/sorenmadsen/Documents/Programs/COEN20/workspace/tools/bin/../lib/gcc/arm-none-eabi/7.3.1/../../../../arm-none-eabi/lib/thumb/v7e-m/fpv4-sp/hard/libc.a(lib_a-mprec.o)
                0x000000000800619c                __pow5mult
 .text.__lshift
                0x000000000800623c       0xac /Users/sorenmadsen/Documents/Programs/COEN20/workspace/tools/bin/../lib/gcc/arm-none-eabi/7.3.1/../../../../arm-none-eabi/lib/thumb/v7e-m/fpv4-sp/hard/libc.a(lib_a-mprec.o)
                0x000000000800623c                __lshift
 .text.__mcmp   0x00000000080062e8       0x38 /Users/sorenmadsen/Documents/Programs/COEN20/workspace/tools/bin/../lib/gcc/arm-none-eabi/7.3.1/../../../../arm-none-eabi/lib/thumb/v7e-m/fpv4-sp/hard/libc.a(lib_a-mprec.o)
                0x00000000080062e8                __mcmp
 .text.__mdiff  0x0000000008006320       0xec /Users/sorenmadsen/Documents/Programs/COEN20/workspace/tools/bin/../lib/gcc/arm-none-eabi/7.3.1/../../../../arm-none-eabi/lib/thumb/v7e-m/fpv4-sp/hard/libc.a(lib_a-mprec.o)
                0x0000000008006320                __mdiff
 .text.__d2b    0x000000000800640c       0xc4 /Users/sorenmadsen/Documents/Programs/COEN20/workspace/tools/bin/../lib/gcc/arm-none-eabi/7.3.1/../../../../arm-none-eabi/lib/thumb/v7e-m/fpv4-sp/hard/libc.a(lib_a-mprec.o)
                0x000000000800640c                __d2b
 .text.frexp    0x00000000080064d0       0x68 /Users/sorenmadsen/Documents/Programs/COEN20/workspace/tools/bin/../lib/gcc/arm-none-eabi/7.3.1/../../../../arm-none-eabi/lib/thumb/v7e-m/fpv4-sp/hard/libc.a(lib_a-s_frexp.o)
                0x00000000080064d0                frexp
 .text._sbrk_r  0x0000000008006538       0x24 /Users/sorenmadsen/Documents/Programs/COEN20/workspace/tools/bin/../lib/gcc/arm-none-eabi/7.3.1/../../../../arm-none-eabi/lib/thumb/v7e-m/fpv4-sp/hard/libc.a(lib_a-sbrkr.o)
                0x0000000008006538                _sbrk_r
 *fill*         0x000000000800655c       0x24 
 .text          0x0000000008006580       0xdc /Users/sorenmadsen/Documents/Programs/COEN20/workspace/tools/bin/../lib/gcc/arm-none-eabi/7.3.1/../../../../arm-none-eabi/lib/thumb/v7e-m/fpv4-sp/hard/libc.a(lib_a-strlen.o)
                0x0000000008006580                strlen
 .text.strncpy  0x000000000800665c       0x64 /Users/sorenmadsen/Documents/Programs/COEN20/workspace/tools/bin/../lib/gcc/arm-none-eabi/7.3.1/../../../../arm-none-eabi/lib/thumb/v7e-m/fpv4-sp/hard/libc.a(lib_a-strncpy.o)
                0x000000000800665c                strncpy
 .text._svfprintf_r
                0x00000000080066c0     0x19cc /Users/sorenmadsen/Documents/Programs/COEN20/workspace/tools/bin/../lib/gcc/arm-none-eabi/7.3.1/../../../../arm-none-eabi/lib/thumb/v7e-m/fpv4-sp/hard/libc.a(lib_a-svfprintf.o)
                0x00000000080066c0                _svfprintf_r
 .text.__register_exitproc
                0x000000000800808c       0xc0 /Users/sorenmadsen/Documents/Programs/COEN20/workspace/tools/bin/../lib/gcc/arm-none-eabi/7.3.1/../../../../arm-none-eabi/lib/thumb/v7e-m/fpv4-sp/hard/libc.a(lib_a-__atexit.o)
                0x000000000800808c                __register_exitproc
 .text._calloc_r
                0x000000000800814c       0x68 /Users/sorenmadsen/Documents/Programs/COEN20/workspace/tools/bin/../lib/gcc/arm-none-eabi/7.3.1/../../../../arm-none-eabi/lib/thumb/v7e-m/fpv4-sp/hard/libc.a(lib_a-callocr.o)
                0x000000000800814c                _calloc_r
 .text.__ascii_mbtowc
                0x00000000080081b4       0x2c /Users/sorenmadsen/Documents/Programs/COEN20/workspace/tools/bin/../lib/gcc/arm-none-eabi/7.3.1/../../../../arm-none-eabi/lib/thumb/v7e-m/fpv4-sp/hard/libc.a(lib_a-mbtowc_r.o)
                0x00000000080081b4                __ascii_mbtowc
 .text.memmove  0x00000000080081e0       0xc8 /Users/sorenmadsen/Documents/Programs/COEN20/workspace/tools/bin/../lib/gcc/arm-none-eabi/7.3.1/../../../../arm-none-eabi/lib/thumb/v7e-m/fpv4-sp/hard/libc.a(lib_a-memmove.o)
                0x00000000080081e0                memmove
 .text._realloc_r
                0x00000000080082a8      0x35c /Users/sorenmadsen/Documents/Programs/COEN20/workspace/tools/bin/../lib/gcc/arm-none-eabi/7.3.1/../../../../arm-none-eabi/lib/thumb/v7e-m/fpv4-sp/hard/libc.a(lib_a-reallocr.o)
                0x00000000080082a8                _realloc_r
 .text.__ssprint_r
                0x0000000008008604       0xf4 /Users/sorenmadsen/Documents/Programs/COEN20/workspace/tools/bin/../lib/gcc/arm-none-eabi/7.3.1/../../../../arm-none-eabi/lib/thumb/v7e-m/fpv4-sp/hard/libc.a(lib_a-svfiprintf.o)
                0x0000000008008604                __ssprint_r
 .text.__ascii_wctomb
                0x00000000080086f8       0x1c /Users/sorenmadsen/Documents/Programs/COEN20/workspace/tools/bin/../lib/gcc/arm-none-eabi/7.3.1/../../../../arm-none-eabi/lib/thumb/v7e-m/fpv4-sp/hard/libc.a(lib_a-wctomb_r.o)
                0x00000000080086f8                __ascii_wctomb
 .text._sbrk    0x0000000008008714       0x1c /Users/sorenmadsen/Documents/Programs/COEN20/workspace/tools/bin/../lib/gcc/arm-none-eabi/7.3.1/../../../../arm-none-eabi/lib/thumb/v7e-m/fpv4-sp/hard/libnosys.a(sbrk.o)
                0x0000000008008714                _sbrk
 .text._exit    0x0000000008008730        0x4 /Users/sorenmadsen/Documents/Programs/COEN20/workspace/tools/bin/../lib/gcc/arm-none-eabi/7.3.1/../../../../arm-none-eabi/lib/thumb/v7e-m/fpv4-sp/hard/libnosys.a(_exit.o)
                0x0000000008008730                _exit
 .text          0x0000000008008734      0x378 /Users/sorenmadsen/Documents/Programs/COEN20/workspace/tools/bin/../lib/gcc/arm-none-eabi/7.3.1/thumb/v7e-m/fpv4-sp/hard/libgcc.a(_arm_addsubdf3.o)
                0x0000000008008734                __aeabi_drsub
                0x000000000800873c                __subdf3
                0x000000000800873c                __aeabi_dsub
                0x0000000008008740                __aeabi_dadd
                0x0000000008008740                __adddf3
                0x00000000080089b8                __aeabi_ui2d
                0x00000000080089b8                __floatunsidf
                0x00000000080089d8                __floatsidf
                0x00000000080089d8                __aeabi_i2d
                0x00000000080089fc                __extendsfdf2
                0x00000000080089fc                __aeabi_f2d
                0x0000000008008a40                __aeabi_ul2d
                0x0000000008008a40                __floatundidf
                0x0000000008008a50                __aeabi_l2d
                0x0000000008008a50                __floatdidf
 .text          0x0000000008008aac      0x424 /Users/sorenmadsen/Documents/Programs/COEN20/workspace/tools/bin/../lib/gcc/arm-none-eabi/7.3.1/thumb/v7e-m/fpv4-sp/hard/libgcc.a(_arm_muldivdf3.o)
                0x0000000008008aac                __aeabi_dmul
                0x0000000008008aac                __muldf3
                0x0000000008008d00                __aeabi_ddiv
                0x0000000008008d00                __divdf3
 .text          0x0000000008008ed0      0x110 /Users/sorenmadsen/Documents/Programs/COEN20/workspace/tools/bin/../lib/gcc/arm-none-eabi/7.3.1/thumb/v7e-m/fpv4-sp/hard/libgcc.a(_arm_cmpdf2.o)
                0x0000000008008ed0                __gedf2
                0x0000000008008ed0                __gtdf2
                0x0000000008008ed8                __ledf2
                0x0000000008008ed8                __ltdf2
                0x0000000008008ee0                __cmpdf2
                0x0000000008008ee0                __eqdf2
                0x0000000008008ee0                __nedf2
                0x0000000008008f5c                __aeabi_cdrcmple
                0x0000000008008f6c                __aeabi_cdcmple
                0x0000000008008f6c                __aeabi_cdcmpeq
                0x0000000008008f7c                __aeabi_dcmpeq
                0x0000000008008f90                __aeabi_dcmplt
                0x0000000008008fa4                __aeabi_dcmple
                0x0000000008008fb8                __aeabi_dcmpge
                0x0000000008008fcc                __aeabi_dcmpgt
 .text          0x0000000008008fe0       0x2c /Users/sorenmadsen/Documents/Programs/COEN20/workspace/tools/bin/../lib/gcc/arm-none-eabi/7.3.1/thumb/v7e-m/fpv4-sp/hard/libgcc.a(_arm_unorddf2.o)
                0x0000000008008fe0                __aeabi_dcmpun
                0x0000000008008fe0                __unorddf2
 .text          0x000000000800900c       0x50 /Users/sorenmadsen/Documents/Programs/COEN20/workspace/tools/bin/../lib/gcc/arm-none-eabi/7.3.1/thumb/v7e-m/fpv4-sp/hard/libgcc.a(_arm_fixdfsi.o)
                0x000000000800900c                __fixdfsi
                0x000000000800900c                __aeabi_d2iz
 .text          0x000000000800905c       0x30 /Users/sorenmadsen/Documents/Programs/COEN20/workspace/tools/bin/../lib/gcc/arm-none-eabi/7.3.1/thumb/v7e-m/fpv4-sp/hard/libgcc.a(_aeabi_uldivmod.o)
                0x000000000800905c                __aeabi_uldivmod
 .text          0x000000000800908c      0x2cc /Users/sorenmadsen/Documents/Programs/COEN20/workspace/tools/bin/../lib/gcc/arm-none-eabi/7.3.1/thumb/v7e-m/fpv4-sp/hard/libgcc.a(_udivmoddi4.o)
                0x000000000800908c                __udivmoddi4
 .text          0x0000000008009358        0x4 /Users/sorenmadsen/Documents/Programs/COEN20/workspace/tools/bin/../lib/gcc/arm-none-eabi/7.3.1/thumb/v7e-m/fpv4-sp/hard/libgcc.a(_dvmd_tls.o)
                0x0000000008009358                __aeabi_ldiv0
                0x0000000008009358                __aeabi_idiv0
 *(.init)
 .init          0x000000000800935c        0x4 /Users/sorenmadsen/Documents/Programs/COEN20/workspace/tools/bin/../lib/gcc/arm-none-eabi/7.3.1/thumb/v7e-m/fpv4-sp/hard/crti.o
                0x000000000800935c                _init
 .init          0x0000000008009360        0x8 /Users/sorenmadsen/Documents/Programs/COEN20/workspace/tools/bin/../lib/gcc/arm-none-eabi/7.3.1/thumb/v7e-m/fpv4-sp/hard/crtn.o
 *(.fini)
 .fini          0x0000000008009368        0x4 /Users/sorenmadsen/Documents/Programs/COEN20/workspace/tools/bin/../lib/gcc/arm-none-eabi/7.3.1/thumb/v7e-m/fpv4-sp/hard/crti.o
                0x0000000008009368                _fini
 .fini          0x000000000800936c        0x8 /Users/sorenmadsen/Documents/Programs/COEN20/workspace/tools/bin/../lib/gcc/arm-none-eabi/7.3.1/thumb/v7e-m/fpv4-sp/hard/crtn.o
 *crtbegin.o(.ctors)
 *crtbegin?.o(.ctors)
 *(EXCLUDE_FILE(*crtend.o *crtend?.o) .ctors)
 *(SORT_BY_NAME(.ctors.*))
 *(.ctors)
 *crtbegin.o(.dtors)
 *crtbegin?.o(.dtors)
 *(EXCLUDE_FILE(*crtend.o *crtend?.o) .dtors)
 *(SORT_BY_NAME(.dtors.*))
 *(.dtors)
 *(.rodata*)
 .rodata.main.str1.4
                0x0000000008009374      0x120 obj/Lab8bMain.o
 .rodata.testcase.6617
                0x0000000008009494       0x48 obj/Lab8bMain.o
 .rodata.DisplayHeader.str1.1
                0x00000000080094dc       0x27 library.a(initialize.o)
 .rodata.Font12_Table
                0x0000000008009503      0x474 library.a(stm32f429i_discovery_lcd.o)
                0x0000000008009503                Font12_Table
 .rodata.Font16_Table
                0x0000000008009977      0xbe0 library.a(stm32f429i_discovery_lcd.o)
                0x0000000008009977                Font16_Table
 .rodata.Font24_Table
                0x000000000800a557     0x1ab8 library.a(stm32f429i_discovery_lcd.o)
                0x000000000800a557                Font24_Table
 .rodata.APBAHBPrescTable
                0x000000000800c00f       0x10 library.a(stm32f4xx_hal_rcc.o)
                0x000000000800c00f                APBAHBPrescTable
 *fill*         0x000000000800c01f        0x1 
 .rodata._global_impure_ptr
                0x000000000800c020        0x4 /Users/sorenmadsen/Documents/Programs/COEN20/workspace/tools/bin/../lib/gcc/arm-none-eabi/7.3.1/../../../../arm-none-eabi/lib/thumb/v7e-m/fpv4-sp/hard/libc.a(lib_a-impure.o)
                0x000000000800c020                _global_impure_ptr
 .rodata._dtoa_r.str1.4
                0x000000000800c024       0x12 /Users/sorenmadsen/Documents/Programs/COEN20/workspace/tools/bin/../lib/gcc/arm-none-eabi/7.3.1/../../../../arm-none-eabi/lib/thumb/v7e-m/fpv4-sp/hard/libc.a(lib_a-dtoa.o)
 *fill*         0x000000000800c036        0x2 
 .rodata.__mprec_bigtens
                0x000000000800c038       0x28 /Users/sorenmadsen/Documents/Programs/COEN20/workspace/tools/bin/../lib/gcc/arm-none-eabi/7.3.1/../../../../arm-none-eabi/lib/thumb/v7e-m/fpv4-sp/hard/libc.a(lib_a-mprec.o)
                0x000000000800c038                __mprec_bigtens
 .rodata.__mprec_tens
                0x000000000800c060       0xc8 /Users/sorenmadsen/Documents/Programs/COEN20/workspace/tools/bin/../lib/gcc/arm-none-eabi/7.3.1/../../../../arm-none-eabi/lib/thumb/v7e-m/fpv4-sp/hard/libc.a(lib_a-mprec.o)
                0x000000000800c060                __mprec_tens
 .rodata.p05.7367
                0x000000000800c128        0xc /Users/sorenmadsen/Documents/Programs/COEN20/workspace/tools/bin/../lib/gcc/arm-none-eabi/7.3.1/../../../../arm-none-eabi/lib/thumb/v7e-m/fpv4-sp/hard/libc.a(lib_a-mprec.o)
 .rodata._svfprintf_r.str1.4
                0x000000000800c134       0x3f /Users/sorenmadsen/Documents/Programs/COEN20/workspace/tools/bin/../lib/gcc/arm-none-eabi/7.3.1/../../../../arm-none-eabi/lib/thumb/v7e-m/fpv4-sp/hard/libc.a(lib_a-svfprintf.o)
                                         0x42 (size before relaxing)
 *fill*         0x000000000800c173        0x1 
 .rodata.blanks.8590
                0x000000000800c174       0x10 /Users/sorenmadsen/Documents/Programs/COEN20/workspace/tools/bin/../lib/gcc/arm-none-eabi/7.3.1/../../../../arm-none-eabi/lib/thumb/v7e-m/fpv4-sp/hard/libc.a(lib_a-svfprintf.o)
 .rodata.zeroes.8591
                0x000000000800c184       0x10 /Users/sorenmadsen/Documents/Programs/COEN20/workspace/tools/bin/../lib/gcc/arm-none-eabi/7.3.1/../../../../arm-none-eabi/lib/thumb/v7e-m/fpv4-sp/hard/libc.a(lib_a-svfprintf.o)
 .rodata._setlocale_r.str1.4
                0x000000000800c194        0xa /Users/sorenmadsen/Documents/Programs/COEN20/workspace/tools/bin/../lib/gcc/arm-none-eabi/7.3.1/../../../../arm-none-eabi/lib/thumb/v7e-m/fpv4-sp/hard/libc.a(lib_a-locale.o)
                                          0xd (size before relaxing)
 *fill*         0x000000000800c19e        0x2 
 .rodata.str1.4
                0x000000000800c1a0        0x4 /Users/sorenmadsen/Documents/Programs/COEN20/workspace/tools/bin/../lib/gcc/arm-none-eabi/7.3.1/../../../../arm-none-eabi/lib/thumb/v7e-m/fpv4-sp/hard/libc.a(lib_a-locale.o)
                                          0x2 (size before relaxing)
 .rodata._ctype_
                0x000000000800c1a4      0x101 /Users/sorenmadsen/Documents/Programs/COEN20/workspace/tools/bin/../lib/gcc/arm-none-eabi/7.3.1/../../../../arm-none-eabi/lib/thumb/v7e-m/fpv4-sp/hard/libc.a(lib_a-ctype_.o)
                0x000000000800c1a4                _ctype_
 *(.eh_frame*)
 *fill*         0x000000000800c2a5        0x3 
 .eh_frame      0x000000000800c2a8        0x0 /Users/sorenmadsen/Documents/Programs/COEN20/workspace/tools/bin/../lib/gcc/arm-none-eabi/7.3.1/thumb/v7e-m/fpv4-sp/hard/crtbegin.o
 .eh_frame      0x000000000800c2a8        0x4 /Users/sorenmadsen/Documents/Programs/COEN20/workspace/tools/bin/../lib/gcc/arm-none-eabi/7.3.1/thumb/v7e-m/fpv4-sp/hard/crtend.o

.glue_7         0x000000000800c2ac        0x0
 .glue_7        0x000000000800c2ac        0x0 linker stubs

.glue_7t        0x000000000800c2ac        0x0
 .glue_7t       0x000000000800c2ac        0x0 linker stubs

.vfp11_veneer   0x000000000800c2ac        0x0
 .vfp11_veneer  0x000000000800c2ac        0x0 linker stubs

.v4_bx          0x000000000800c2ac        0x0
 .v4_bx         0x000000000800c2ac        0x0 linker stubs

.iplt           0x000000000800c2ac        0x0
 .iplt          0x000000000800c2ac        0x0 /Users/sorenmadsen/Documents/Programs/COEN20/workspace/tools/bin/../lib/gcc/arm-none-eabi/7.3.1/thumb/v7e-m/fpv4-sp/hard/crtbegin.o

.ARM.extab
 *(.ARM.extab* .gnu.linkonce.armextab.*)
                0x000000000800c2ac                __exidx_start = .

.ARM.exidx      0x000000000800c2ac        0x8
 *(.ARM.exidx* .gnu.linkonce.armexidx.*)
 .ARM.exidx     0x000000000800c2ac        0x8 /Users/sorenmadsen/Documents/Programs/COEN20/workspace/tools/bin/../lib/gcc/arm-none-eabi/7.3.1/../../../../arm-none-eabi/lib/thumb/v7e-m/fpv4-sp/hard/crt0.o
 .ARM.exidx     0x000000000800c2b4        0x0 /Users/sorenmadsen/Documents/Programs/COEN20/workspace/tools/bin/../lib/gcc/arm-none-eabi/7.3.1/thumb/v7e-m/fpv4-sp/hard/libgcc.a(_udivmoddi4.o)
                                          0x8 (size before relaxing)
                0x000000000800c2b4                __exidx_end = .
                0x000000000800c2b4                __etext = .

.rel.dyn        0x000000000800c2b4        0x0
 .rel.iplt      0x000000000800c2b4        0x0 /Users/sorenmadsen/Documents/Programs/COEN20/workspace/tools/bin/../lib/gcc/arm-none-eabi/7.3.1/thumb/v7e-m/fpv4-sp/hard/crtbegin.o

.data           0x0000000020000000      0xa18 load address 0x000000000800c2b4
                0x0000000020000000                __data_start__ = .
 *(vtable)
 *(.data*)
 .data.BUTTON_PORT
                0x0000000020000000        0x4 library.a(stm32f429i_discovery.o)
                0x0000000020000000                BUTTON_PORT
 .data.SpixTimeout
                0x0000000020000004        0x4 library.a(stm32f429i_discovery.o)
                0x0000000020000004                SpixTimeout
 .data.Font12   0x0000000020000008        0x8 library.a(stm32f429i_discovery_lcd.o)
                0x0000000020000008                Font12
 .data.Font16   0x0000000020000010        0x8 library.a(stm32f429i_discovery_lcd.o)
                0x0000000020000010                Font16
 .data.Font24   0x0000000020000018        0x8 library.a(stm32f429i_discovery_lcd.o)
                0x0000000020000018                Font24
 .data.SystemCoreClock
                0x0000000020000020        0x4 library.a(system_stm32f4xx.o)
                0x0000000020000020                SystemCoreClock
 .data.ili9341_drv
                0x0000000020000024       0x38 library.a(ili9341.o)
                0x0000000020000024                ili9341_drv
 .data._impure_ptr
                0x000000002000005c        0x4 /Users/sorenmadsen/Documents/Programs/COEN20/workspace/tools/bin/../lib/gcc/arm-none-eabi/7.3.1/../../../../arm-none-eabi/lib/thumb/v7e-m/fpv4-sp/hard/libc.a(lib_a-impure.o)
                0x000000002000005c                _impure_ptr
 .data.impure_data
                0x0000000020000060      0x428 /Users/sorenmadsen/Documents/Programs/COEN20/workspace/tools/bin/../lib/gcc/arm-none-eabi/7.3.1/../../../../arm-none-eabi/lib/thumb/v7e-m/fpv4-sp/hard/libc.a(lib_a-impure.o)
 .data.__atexit_recursive_mutex
                0x0000000020000488        0x4 /Users/sorenmadsen/Documents/Programs/COEN20/workspace/tools/bin/../lib/gcc/arm-none-eabi/7.3.1/../../../../arm-none-eabi/lib/thumb/v7e-m/fpv4-sp/hard/libc.a(lib_a-__call_atexit.o)
                0x0000000020000488                __atexit_recursive_mutex
 .data.__malloc_av_
                0x000000002000048c      0x408 /Users/sorenmadsen/Documents/Programs/COEN20/workspace/tools/bin/../lib/gcc/arm-none-eabi/7.3.1/../../../../arm-none-eabi/lib/thumb/v7e-m/fpv4-sp/hard/libc.a(lib_a-mallocr.o)
                0x000000002000048c                __malloc_av_
 .data.__malloc_sbrk_base
                0x0000000020000894        0x4 /Users/sorenmadsen/Documents/Programs/COEN20/workspace/tools/bin/../lib/gcc/arm-none-eabi/7.3.1/../../../../arm-none-eabi/lib/thumb/v7e-m/fpv4-sp/hard/libc.a(lib_a-mallocr.o)
                0x0000000020000894                __malloc_sbrk_base
 .data.__malloc_trim_threshold
                0x0000000020000898        0x4 /Users/sorenmadsen/Documents/Programs/COEN20/workspace/tools/bin/../lib/gcc/arm-none-eabi/7.3.1/../../../../arm-none-eabi/lib/thumb/v7e-m/fpv4-sp/hard/libc.a(lib_a-mallocr.o)
                0x0000000020000898                __malloc_trim_threshold
 .data.__global_locale
                0x000000002000089c      0x16c /Users/sorenmadsen/Documents/Programs/COEN20/workspace/tools/bin/../lib/gcc/arm-none-eabi/7.3.1/../../../../arm-none-eabi/lib/thumb/v7e-m/fpv4-sp/hard/libc.a(lib_a-locale.o)
                0x000000002000089c                __global_locale
                0x0000000020000a08                . = ALIGN (0x4)
                0x0000000020000a08                PROVIDE (__preinit_array_start = .)
 *(.preinit_array)
                0x0000000020000a08                PROVIDE (__preinit_array_end = .)
                0x0000000020000a08                . = ALIGN (0x4)
                0x0000000020000a08                PROVIDE (__init_array_start = .)
 *(SORT_BY_NAME(.init_array.*))
 .init_array.00000
                0x0000000020000a08        0x4 /Users/sorenmadsen/Documents/Programs/COEN20/workspace/tools/bin/../lib/gcc/arm-none-eabi/7.3.1/../../../../arm-none-eabi/lib/thumb/v7e-m/fpv4-sp/hard/libc.a(lib_a-__call_atexit.o)
 *(.init_array)
 .init_array    0x0000000020000a0c        0x4 /Users/sorenmadsen/Documents/Programs/COEN20/workspace/tools/bin/../lib/gcc/arm-none-eabi/7.3.1/thumb/v7e-m/fpv4-sp/hard/crtbegin.o
                0x0000000020000a10                PROVIDE (__init_array_end = .)
                0x0000000020000a10                . = ALIGN (0x8)
                0x0000000020000a10                PROVIDE (__fini_array_start = .)
 *(SORT_BY_NAME(.fini_array.*))
 *(.fini_array)
 .fini_array    0x0000000020000a10        0x4 /Users/sorenmadsen/Documents/Programs/COEN20/workspace/tools/bin/../lib/gcc/arm-none-eabi/7.3.1/thumb/v7e-m/fpv4-sp/hard/crtbegin.o
                0x0000000020000a14                PROVIDE (__fini_array_end = .)
                0x0000000020000a18                . = ALIGN (0x8)
 *fill*         0x0000000020000a14        0x4 
                0x0000000020000a18                __data_end__ = .

.igot.plt       0x0000000020000a18        0x0 load address 0x000000000800cccc
 .igot.plt      0x0000000020000a18        0x0 /Users/sorenmadsen/Documents/Programs/COEN20/workspace/tools/bin/../lib/gcc/arm-none-eabi/7.3.1/thumb/v7e-m/fpv4-sp/hard/crtbegin.o

.bss            0x0000000020000a18      0x8ec load address 0x000000000800cccc
                0x0000000020000a18                __bss_start__ = .
 *(.bss*)
 .bss           0x0000000020000a18       0x1c /Users/sorenmadsen/Documents/Programs/COEN20/workspace/tools/bin/../lib/gcc/arm-none-eabi/7.3.1/thumb/v7e-m/fpv4-sp/hard/crtbegin.o
 .bss.buffer    0x0000000020000a34      0x620 library.a(initialize.o)
 .bss.txtCol    0x0000000020001054        0x4 library.a(initialize.o)
 .bss.txtRow    0x0000000020001058        0x4 library.a(initialize.o)
 .bss.Is_LCD_IO_Initialized
                0x000000002000105c        0x1 library.a(stm32f429i_discovery.o)
 *fill*         0x000000002000105d        0x3 
 .bss.SpiHandle
                0x0000000020001060       0x58 library.a(stm32f429i_discovery.o)
 .bss.ActiveLayer
                0x00000000200010b8        0x4 library.a(stm32f429i_discovery_lcd.o)
 .bss.Dma2dHandler
                0x00000000200010bc       0x40 library.a(stm32f429i_discovery_lcd.o)
 .bss.DrawProp  0x00000000200010fc       0x18 library.a(stm32f429i_discovery_lcd.o)
 .bss.LtdcHandler
                0x0000000020001114       0xa8 library.a(stm32f429i_discovery_lcd.o)
 .bss.PeriphClkInitStruct
                0x00000000200011bc       0x30 library.a(stm32f429i_discovery_lcd.o)
 .bss.Command   0x00000000200011ec       0x10 library.a(stm32f429i_discovery_sdram.o)
 .bss.SdramHandle
                0x00000000200011fc       0x34 library.a(stm32f429i_discovery_sdram.o)
 .bss.Timing    0x0000000020001230       0x1c library.a(stm32f429i_discovery_sdram.o)
 .bss.dmaHandle.11858
                0x000000002000124c       0x50 library.a(stm32f429i_discovery_sdram.o)
 .bss.uwTick    0x000000002000129c        0x4 library.a(stm32f4xx_hal.o)
 .bss.__malloc_current_mallinfo
                0x00000000200012a0       0x28 /Users/sorenmadsen/Documents/Programs/COEN20/workspace/tools/bin/../lib/gcc/arm-none-eabi/7.3.1/../../../../arm-none-eabi/lib/thumb/v7e-m/fpv4-sp/hard/libc.a(lib_a-mallocr.o)
                0x00000000200012a0                __malloc_current_mallinfo
 .bss.__malloc_max_sbrked_mem
                0x00000000200012c8        0x4 /Users/sorenmadsen/Documents/Programs/COEN20/workspace/tools/bin/../lib/gcc/arm-none-eabi/7.3.1/../../../../arm-none-eabi/lib/thumb/v7e-m/fpv4-sp/hard/libc.a(lib_a-mallocr.o)
                0x00000000200012c8                __malloc_max_sbrked_mem
 .bss.__malloc_max_total_mem
                0x00000000200012cc        0x4 /Users/sorenmadsen/Documents/Programs/COEN20/workspace/tools/bin/../lib/gcc/arm-none-eabi/7.3.1/../../../../arm-none-eabi/lib/thumb/v7e-m/fpv4-sp/hard/libc.a(lib_a-mallocr.o)
                0x00000000200012cc                __malloc_max_total_mem
 .bss.__malloc_top_pad
                0x00000000200012d0        0x4 /Users/sorenmadsen/Documents/Programs/COEN20/workspace/tools/bin/../lib/gcc/arm-none-eabi/7.3.1/../../../../arm-none-eabi/lib/thumb/v7e-m/fpv4-sp/hard/libc.a(lib_a-mallocr.o)
                0x00000000200012d0                __malloc_top_pad
 .bss.heap_end.5377
                0x00000000200012d4        0x4 /Users/sorenmadsen/Documents/Programs/COEN20/workspace/tools/bin/../lib/gcc/arm-none-eabi/7.3.1/../../../../arm-none-eabi/lib/thumb/v7e-m/fpv4-sp/hard/libnosys.a(sbrk.o)
 *(COMMON)
 COMMON         0x00000000200012d8        0x4 library.a(stm32f429i_discovery_lcd.o)
                0x00000000200012d8                LcdDrv
 COMMON         0x00000000200012dc       0x21 /Users/sorenmadsen/Documents/Programs/COEN20/workspace/tools/bin/../lib/gcc/arm-none-eabi/7.3.1/../../../../arm-none-eabi/lib/thumb/v7e-m/fpv4-sp/hard/libc.a(lib_a-lock.o)
                0x00000000200012dc                __lock___atexit_recursive_mutex
                0x00000000200012e0                __lock___arc4random_mutex
                0x00000000200012e4                __lock___env_recursive_mutex
                0x00000000200012e8                __lock___sinit_recursive_mutex
                0x00000000200012ec                __lock___malloc_recursive_mutex
                0x00000000200012f0                __lock___at_quick_exit_mutex
                0x00000000200012f4                __lock___dd_hash_mutex
                0x00000000200012f8                __lock___tz_mutex
                0x00000000200012fc                __lock___sfp_recursive_mutex
 *fill*         0x00000000200012fd        0x3 
 COMMON         0x0000000020001300        0x4 /Users/sorenmadsen/Documents/Programs/COEN20/workspace/tools/bin/../lib/gcc/arm-none-eabi/7.3.1/../../../../arm-none-eabi/lib/thumb/v7e-m/fpv4-sp/hard/libc.a(lib_a-reent.o)
                0x0000000020001300                errno
                0x0000000020001304                __bss_end__ = .

.ccm            0x0000000010000000        0x0
                0x0000000010000000                . = ALIGN (0x4)
                0x0000000010000000                __ccm_start__ = .
 *(.ccm*)
                0x0000000010000000                . = ALIGN (0x4)
                0x0000000010000000                __ccm_end__ = .

.heap           0x0000000010000000      0xc00
                0x0000000010000000                __end__ = .
                0x0000000010000000                end = __end__
 *(.heap*)
 .heap          0x0000000010000000      0xc00 library.a(startup_stm32f429xx.o)
                0x0000000010000000                __HeapBase
                0x0000000010000c00                __HeapLimit = .

.stack_dummy    0x0000000010000000      0x400
 *(.stack)
 .stack         0x0000000010000000      0x400 library.a(startup_stm32f429xx.o)
                0x0000000010010000                __StackTop = (ORIGIN (CCM) + LENGTH (CCM))
                0x000000001000fc00                __StackLimit = (__StackTop - SIZEOF (.stack_dummy))
                0x0000000010010000                PROVIDE (__stack = __StackTop)
                0x0000000000000001                ASSERT ((__StackLimit >= __HeapLimit), region CCM overflowed with stack)
OUTPUT(output.elf elf32-littlearm)

.ARM.attributes
                0x0000000000000000       0x30
 .ARM.attributes
                0x0000000000000000       0x22 /Users/sorenmadsen/Documents/Programs/COEN20/workspace/tools/bin/../lib/gcc/arm-none-eabi/7.3.1/thumb/v7e-m/fpv4-sp/hard/crti.o
 .ARM.attributes
                0x0000000000000022       0x34 /Users/sorenmadsen/Documents/Programs/COEN20/workspace/tools/bin/../lib/gcc/arm-none-eabi/7.3.1/thumb/v7e-m/fpv4-sp/hard/crtbegin.o
 .ARM.attributes
                0x0000000000000056       0x20 /Users/sorenmadsen/Documents/Programs/COEN20/workspace/tools/bin/../lib/gcc/arm-none-eabi/7.3.1/../../../../arm-none-eabi/lib/thumb/v7e-m/fpv4-sp/hard/crt0.o
 .ARM.attributes
                0x0000000000000076       0x39 obj/Lab8bMain.o
 .ARM.attributes
                0x00000000000000af       0x25 obj/implementation.o
 .ARM.attributes
                0x00000000000000d4       0x39 library.a(initialize.o)
 .ARM.attributes
                0x000000000000010d       0x39 library.a(stm32f429i_discovery.o)
 .ARM.attributes
                0x0000000000000146       0x39 library.a(stm32f429i_discovery_lcd.o)
 .ARM.attributes
                0x000000000000017f       0x39 library.a(stm32f429i_discovery_sdram.o)
 .ARM.attributes
                0x00000000000001b8       0x39 library.a(stm32f4xx_hal.o)
 .ARM.attributes
                0x00000000000001f1       0x39 library.a(stm32f4xx_hal_cortex.o)
 .ARM.attributes
                0x000000000000022a       0x39 library.a(stm32f4xx_hal_dma.o)
 .ARM.attributes
                0x0000000000000263       0x39 library.a(stm32f4xx_hal_dma2d.o)
 .ARM.attributes
                0x000000000000029c       0x39 library.a(stm32f4xx_hal_gpio.o)
 .ARM.attributes
                0x00000000000002d5       0x39 library.a(stm32f4xx_hal_ltdc.o)
 .ARM.attributes
                0x000000000000030e       0x39 library.a(stm32f4xx_hal_rcc.o)
 .ARM.attributes
                0x0000000000000347       0x39 library.a(stm32f4xx_hal_rcc_ex.o)
 .ARM.attributes
                0x0000000000000380       0x39 library.a(stm32f4xx_hal_sdram.o)
 .ARM.attributes
                0x00000000000003b9       0x39 library.a(stm32f4xx_hal_spi.o)
 .ARM.attributes
                0x00000000000003f2       0x39 library.a(stm32f4xx_it.o)
 .ARM.attributes
                0x000000000000042b       0x39 library.a(stm32f4xx_ll_fmc.o)
 .ARM.attributes
                0x0000000000000464       0x39 library.a(system_stm32f4xx.o)
 .ARM.attributes
                0x000000000000049d       0x1f library.a(startup_stm32f429xx.o)
 .ARM.attributes
                0x00000000000004bc       0x39 library.a(ili9341.o)
 .ARM.attributes
                0x00000000000004f5       0x34 /Users/sorenmadsen/Documents/Programs/COEN20/workspace/tools/bin/../lib/gcc/arm-none-eabi/7.3.1/../../../../arm-none-eabi/lib/thumb/v7e-m/fpv4-sp/hard/libc.a(lib_a-exit.o)
 .ARM.attributes
                0x0000000000000529       0x34 /Users/sorenmadsen/Documents/Programs/COEN20/workspace/tools/bin/../lib/gcc/arm-none-eabi/7.3.1/../../../../arm-none-eabi/lib/thumb/v7e-m/fpv4-sp/hard/libc.a(lib_a-impure.o)
 .ARM.attributes
                0x000000000000055d       0x34 /Users/sorenmadsen/Documents/Programs/COEN20/workspace/tools/bin/../lib/gcc/arm-none-eabi/7.3.1/../../../../arm-none-eabi/lib/thumb/v7e-m/fpv4-sp/hard/libc.a(lib_a-init.o)
 .ARM.attributes
                0x0000000000000591       0x34 /Users/sorenmadsen/Documents/Programs/COEN20/workspace/tools/bin/../lib/gcc/arm-none-eabi/7.3.1/../../../../arm-none-eabi/lib/thumb/v7e-m/fpv4-sp/hard/libc.a(lib_a-memset.o)
 .ARM.attributes
                0x00000000000005c5       0x34 /Users/sorenmadsen/Documents/Programs/COEN20/workspace/tools/bin/../lib/gcc/arm-none-eabi/7.3.1/../../../../arm-none-eabi/lib/thumb/v7e-m/fpv4-sp/hard/libc.a(lib_a-vsprintf.o)
 .ARM.attributes
                0x00000000000005f9       0x34 /Users/sorenmadsen/Documents/Programs/COEN20/workspace/tools/bin/../lib/gcc/arm-none-eabi/7.3.1/../../../../arm-none-eabi/lib/thumb/v7e-m/fpv4-sp/hard/libc.a(lib_a-__call_atexit.o)
 .ARM.attributes
                0x000000000000062d       0x34 /Users/sorenmadsen/Documents/Programs/COEN20/workspace/tools/bin/../lib/gcc/arm-none-eabi/7.3.1/../../../../arm-none-eabi/lib/thumb/v7e-m/fpv4-sp/hard/libc.a(lib_a-atexit.o)
 .ARM.attributes
                0x0000000000000661       0x34 /Users/sorenmadsen/Documents/Programs/COEN20/workspace/tools/bin/../lib/gcc/arm-none-eabi/7.3.1/../../../../arm-none-eabi/lib/thumb/v7e-m/fpv4-sp/hard/libc.a(lib_a-dtoa.o)
 .ARM.attributes
                0x0000000000000695       0x34 /Users/sorenmadsen/Documents/Programs/COEN20/workspace/tools/bin/../lib/gcc/arm-none-eabi/7.3.1/../../../../arm-none-eabi/lib/thumb/v7e-m/fpv4-sp/hard/libc.a(lib_a-fini.o)
 .ARM.attributes
                0x00000000000006c9       0x34 /Users/sorenmadsen/Documents/Programs/COEN20/workspace/tools/bin/../lib/gcc/arm-none-eabi/7.3.1/../../../../arm-none-eabi/lib/thumb/v7e-m/fpv4-sp/hard/libc.a(lib_a-freer.o)
 .ARM.attributes
                0x00000000000006fd       0x34 /Users/sorenmadsen/Documents/Programs/COEN20/workspace/tools/bin/../lib/gcc/arm-none-eabi/7.3.1/../../../../arm-none-eabi/lib/thumb/v7e-m/fpv4-sp/hard/libc.a(lib_a-localeconv.o)
 .ARM.attributes
                0x0000000000000731       0x34 /Users/sorenmadsen/Documents/Programs/COEN20/workspace/tools/bin/../lib/gcc/arm-none-eabi/7.3.1/../../../../arm-none-eabi/lib/thumb/v7e-m/fpv4-sp/hard/libc.a(lib_a-lock.o)
 .ARM.attributes
                0x0000000000000765       0x34 /Users/sorenmadsen/Documents/Programs/COEN20/workspace/tools/bin/../lib/gcc/arm-none-eabi/7.3.1/../../../../arm-none-eabi/lib/thumb/v7e-m/fpv4-sp/hard/libc.a(lib_a-mallocr.o)
 .ARM.attributes
                0x0000000000000799       0x20 /Users/sorenmadsen/Documents/Programs/COEN20/workspace/tools/bin/../lib/gcc/arm-none-eabi/7.3.1/../../../../arm-none-eabi/lib/thumb/v7e-m/fpv4-sp/hard/libc.a(lib_a-memchr.o)
 .ARM.attributes
                0x00000000000007b9       0x20 /Users/sorenmadsen/Documents/Programs/COEN20/workspace/tools/bin/../lib/gcc/arm-none-eabi/7.3.1/../../../../arm-none-eabi/lib/thumb/v7e-m/fpv4-sp/hard/libc.a(lib_a-memcpy.o)
 .ARM.attributes
                0x00000000000007d9       0x34 /Users/sorenmadsen/Documents/Programs/COEN20/workspace/tools/bin/../lib/gcc/arm-none-eabi/7.3.1/../../../../arm-none-eabi/lib/thumb/v7e-m/fpv4-sp/hard/libc.a(lib_a-mlock.o)
 .ARM.attributes
                0x000000000000080d       0x34 /Users/sorenmadsen/Documents/Programs/COEN20/workspace/tools/bin/../lib/gcc/arm-none-eabi/7.3.1/../../../../arm-none-eabi/lib/thumb/v7e-m/fpv4-sp/hard/libc.a(lib_a-mprec.o)
 .ARM.attributes
                0x0000000000000841       0x34 /Users/sorenmadsen/Documents/Programs/COEN20/workspace/tools/bin/../lib/gcc/arm-none-eabi/7.3.1/../../../../arm-none-eabi/lib/thumb/v7e-m/fpv4-sp/hard/libc.a(lib_a-s_frexp.o)
 .ARM.attributes
                0x0000000000000875       0x34 /Users/sorenmadsen/Documents/Programs/COEN20/workspace/tools/bin/../lib/gcc/arm-none-eabi/7.3.1/../../../../arm-none-eabi/lib/thumb/v7e-m/fpv4-sp/hard/libc.a(lib_a-sbrkr.o)
 .ARM.attributes
                0x00000000000008a9       0x20 /Users/sorenmadsen/Documents/Programs/COEN20/workspace/tools/bin/../lib/gcc/arm-none-eabi/7.3.1/../../../../arm-none-eabi/lib/thumb/v7e-m/fpv4-sp/hard/libc.a(lib_a-strlen.o)
 .ARM.attributes
                0x00000000000008c9       0x34 /Users/sorenmadsen/Documents/Programs/COEN20/workspace/tools/bin/../lib/gcc/arm-none-eabi/7.3.1/../../../../arm-none-eabi/lib/thumb/v7e-m/fpv4-sp/hard/libc.a(lib_a-strncpy.o)
 .ARM.attributes
                0x00000000000008fd       0x34 /Users/sorenmadsen/Documents/Programs/COEN20/workspace/tools/bin/../lib/gcc/arm-none-eabi/7.3.1/../../../../arm-none-eabi/lib/thumb/v7e-m/fpv4-sp/hard/libc.a(lib_a-svfprintf.o)
 .ARM.attributes
                0x0000000000000931       0x34 /Users/sorenmadsen/Documents/Programs/COEN20/workspace/tools/bin/../lib/gcc/arm-none-eabi/7.3.1/../../../../arm-none-eabi/lib/thumb/v7e-m/fpv4-sp/hard/libc.a(lib_a-__atexit.o)
 .ARM.attributes
                0x0000000000000965       0x34 /Users/sorenmadsen/Documents/Programs/COEN20/workspace/tools/bin/../lib/gcc/arm-none-eabi/7.3.1/../../../../arm-none-eabi/lib/thumb/v7e-m/fpv4-sp/hard/libc.a(lib_a-callocr.o)
 .ARM.attributes
                0x0000000000000999       0x34 /Users/sorenmadsen/Documents/Programs/COEN20/workspace/tools/bin/../lib/gcc/arm-none-eabi/7.3.1/../../../../arm-none-eabi/lib/thumb/v7e-m/fpv4-sp/hard/libc.a(lib_a-locale.o)
 .ARM.attributes
                0x00000000000009cd       0x34 /Users/sorenmadsen/Documents/Programs/COEN20/workspace/tools/bin/../lib/gcc/arm-none-eabi/7.3.1/../../../../arm-none-eabi/lib/thumb/v7e-m/fpv4-sp/hard/libc.a(lib_a-mbtowc_r.o)
 .ARM.attributes
                0x0000000000000a01       0x34 /Users/sorenmadsen/Documents/Programs/COEN20/workspace/tools/bin/../lib/gcc/arm-none-eabi/7.3.1/../../../../arm-none-eabi/lib/thumb/v7e-m/fpv4-sp/hard/libc.a(lib_a-memmove.o)
 .ARM.attributes
                0x0000000000000a35       0x34 /Users/sorenmadsen/Documents/Programs/COEN20/workspace/tools/bin/../lib/gcc/arm-none-eabi/7.3.1/../../../../arm-none-eabi/lib/thumb/v7e-m/fpv4-sp/hard/libc.a(lib_a-reallocr.o)
 .ARM.attributes
                0x0000000000000a69       0x34 /Users/sorenmadsen/Documents/Programs/COEN20/workspace/tools/bin/../lib/gcc/arm-none-eabi/7.3.1/../../../../arm-none-eabi/lib/thumb/v7e-m/fpv4-sp/hard/libc.a(lib_a-reent.o)
 .ARM.attributes
                0x0000000000000a9d       0x34 /Users/sorenmadsen/Documents/Programs/COEN20/workspace/tools/bin/../lib/gcc/arm-none-eabi/7.3.1/../../../../arm-none-eabi/lib/thumb/v7e-m/fpv4-sp/hard/libc.a(lib_a-svfiprintf.o)
 .ARM.attributes
                0x0000000000000ad1       0x34 /Users/sorenmadsen/Documents/Programs/COEN20/workspace/tools/bin/../lib/gcc/arm-none-eabi/7.3.1/../../../../arm-none-eabi/lib/thumb/v7e-m/fpv4-sp/hard/libc.a(lib_a-wctomb_r.o)
 .ARM.attributes
                0x0000000000000b05       0x34 /Users/sorenmadsen/Documents/Programs/COEN20/workspace/tools/bin/../lib/gcc/arm-none-eabi/7.3.1/../../../../arm-none-eabi/lib/thumb/v7e-m/fpv4-sp/hard/libc.a(lib_a-ctype_.o)
 .ARM.attributes
                0x0000000000000b39       0x34 /Users/sorenmadsen/Documents/Programs/COEN20/workspace/tools/bin/../lib/gcc/arm-none-eabi/7.3.1/../../../../arm-none-eabi/lib/thumb/v7e-m/fpv4-sp/hard/libnosys.a(sbrk.o)
 .ARM.attributes
                0x0000000000000b6d       0x34 /Users/sorenmadsen/Documents/Programs/COEN20/workspace/tools/bin/../lib/gcc/arm-none-eabi/7.3.1/../../../../arm-none-eabi/lib/thumb/v7e-m/fpv4-sp/hard/libnosys.a(_exit.o)
 .ARM.attributes
                0x0000000000000ba1       0x22 /Users/sorenmadsen/Documents/Programs/COEN20/workspace/tools/bin/../lib/gcc/arm-none-eabi/7.3.1/thumb/v7e-m/fpv4-sp/hard/libgcc.a(_arm_addsubdf3.o)
 .ARM.attributes
                0x0000000000000bc3       0x22 /Users/sorenmadsen/Documents/Programs/COEN20/workspace/tools/bin/../lib/gcc/arm-none-eabi/7.3.1/thumb/v7e-m/fpv4-sp/hard/libgcc.a(_arm_muldivdf3.o)
 .ARM.attributes
                0x0000000000000be5       0x22 /Users/sorenmadsen/Documents/Programs/COEN20/workspace/tools/bin/../lib/gcc/arm-none-eabi/7.3.1/thumb/v7e-m/fpv4-sp/hard/libgcc.a(_arm_cmpdf2.o)
 .ARM.attributes
                0x0000000000000c07       0x22 /Users/sorenmadsen/Documents/Programs/COEN20/workspace/tools/bin/../lib/gcc/arm-none-eabi/7.3.1/thumb/v7e-m/fpv4-sp/hard/libgcc.a(_arm_unorddf2.o)
 .ARM.attributes
                0x0000000000000c29       0x22 /Users/sorenmadsen/Documents/Programs/COEN20/workspace/tools/bin/../lib/gcc/arm-none-eabi/7.3.1/thumb/v7e-m/fpv4-sp/hard/libgcc.a(_arm_fixdfsi.o)
 .ARM.attributes
                0x0000000000000c4b       0x22 /Users/sorenmadsen/Documents/Programs/COEN20/workspace/tools/bin/../lib/gcc/arm-none-eabi/7.3.1/thumb/v7e-m/fpv4-sp/hard/libgcc.a(_aeabi_uldivmod.o)
 .ARM.attributes
                0x0000000000000c6d       0x34 /Users/sorenmadsen/Documents/Programs/COEN20/workspace/tools/bin/../lib/gcc/arm-none-eabi/7.3.1/thumb/v7e-m/fpv4-sp/hard/libgcc.a(_udivmoddi4.o)
 .ARM.attributes
                0x0000000000000ca1       0x22 /Users/sorenmadsen/Documents/Programs/COEN20/workspace/tools/bin/../lib/gcc/arm-none-eabi/7.3.1/thumb/v7e-m/fpv4-sp/hard/libgcc.a(_dvmd_tls.o)
 .ARM.attributes
                0x0000000000000cc3       0x34 /Users/sorenmadsen/Documents/Programs/COEN20/workspace/tools/bin/../lib/gcc/arm-none-eabi/7.3.1/thumb/v7e-m/fpv4-sp/hard/crtend.o
 .ARM.attributes
                0x0000000000000cf7       0x22 /Users/sorenmadsen/Documents/Programs/COEN20/workspace/tools/bin/../lib/gcc/arm-none-eabi/7.3.1/thumb/v7e-m/fpv4-sp/hard/crtn.o

.comment        0x0000000000000000       0xfd
 .comment       0x0000000000000000       0x7f obj/Lab8bMain.o
                                         0x80 (size before relaxing)
 .comment       0x000000000000007f       0x7e library.a(initialize.o)
                                         0x7f (size before relaxing)
 .comment       0x00000000000000fd       0x7f library.a(stm32f429i_discovery.o)
 .comment       0x00000000000000fd       0x7f library.a(stm32f429i_discovery_lcd.o)
 .comment       0x00000000000000fd       0x7f library.a(stm32f429i_discovery_sdram.o)
 .comment       0x00000000000000fd       0x7f library.a(stm32f4xx_hal.o)
 .comment       0x00000000000000fd       0x7f library.a(stm32f4xx_hal_cortex.o)
 .comment       0x00000000000000fd       0x7f library.a(stm32f4xx_hal_dma.o)
 .comment       0x00000000000000fd       0x7f library.a(stm32f4xx_hal_dma2d.o)
 .comment       0x00000000000000fd       0x7f library.a(stm32f4xx_hal_gpio.o)
 .comment       0x00000000000000fd       0x7f library.a(stm32f4xx_hal_ltdc.o)
 .comment       0x00000000000000fd       0x7f library.a(stm32f4xx_hal_rcc.o)
 .comment       0x00000000000000fd       0x7f library.a(stm32f4xx_hal_rcc_ex.o)
 .comment       0x00000000000000fd       0x7f library.a(stm32f4xx_hal_sdram.o)
 .comment       0x00000000000000fd       0x7f library.a(stm32f4xx_hal_spi.o)
 .comment       0x00000000000000fd       0x7f library.a(stm32f4xx_it.o)
 .comment       0x00000000000000fd       0x7f library.a(stm32f4xx_ll_fmc.o)
 .comment       0x00000000000000fd       0x7f library.a(system_stm32f4xx.o)
 .comment       0x00000000000000fd       0x7f library.a(ili9341.o)

.debug_frame    0x0000000000000000      0xc94
 .debug_frame   0x0000000000000000       0x28 /Users/sorenmadsen/Documents/Programs/COEN20/workspace/tools/bin/../lib/gcc/arm-none-eabi/7.3.1/../../../../arm-none-eabi/lib/thumb/v7e-m/fpv4-sp/hard/libc.a(lib_a-exit.o)
 .debug_frame   0x0000000000000028       0x2c /Users/sorenmadsen/Documents/Programs/COEN20/workspace/tools/bin/../lib/gcc/arm-none-eabi/7.3.1/../../../../arm-none-eabi/lib/thumb/v7e-m/fpv4-sp/hard/libc.a(lib_a-init.o)
 .debug_frame   0x0000000000000054       0x38 /Users/sorenmadsen/Documents/Programs/COEN20/workspace/tools/bin/../lib/gcc/arm-none-eabi/7.3.1/../../../../arm-none-eabi/lib/thumb/v7e-m/fpv4-sp/hard/libc.a(lib_a-memset.o)
 .debug_frame   0x000000000000008c       0x4c /Users/sorenmadsen/Documents/Programs/COEN20/workspace/tools/bin/../lib/gcc/arm-none-eabi/7.3.1/../../../../arm-none-eabi/lib/thumb/v7e-m/fpv4-sp/hard/libc.a(lib_a-vsprintf.o)
 .debug_frame   0x00000000000000d8       0x5c /Users/sorenmadsen/Documents/Programs/COEN20/workspace/tools/bin/../lib/gcc/arm-none-eabi/7.3.1/../../../../arm-none-eabi/lib/thumb/v7e-m/fpv4-sp/hard/libc.a(lib_a-__call_atexit.o)
 .debug_frame   0x0000000000000134       0x20 /Users/sorenmadsen/Documents/Programs/COEN20/workspace/tools/bin/../lib/gcc/arm-none-eabi/7.3.1/../../../../arm-none-eabi/lib/thumb/v7e-m/fpv4-sp/hard/libc.a(lib_a-atexit.o)
 .debug_frame   0x0000000000000154       0x88 /Users/sorenmadsen/Documents/Programs/COEN20/workspace/tools/bin/../lib/gcc/arm-none-eabi/7.3.1/../../../../arm-none-eabi/lib/thumb/v7e-m/fpv4-sp/hard/libc.a(lib_a-dtoa.o)
 .debug_frame   0x00000000000001dc       0x34 /Users/sorenmadsen/Documents/Programs/COEN20/workspace/tools/bin/../lib/gcc/arm-none-eabi/7.3.1/../../../../arm-none-eabi/lib/thumb/v7e-m/fpv4-sp/hard/libc.a(lib_a-fini.o)
 .debug_frame   0x0000000000000210       0x80 /Users/sorenmadsen/Documents/Programs/COEN20/workspace/tools/bin/../lib/gcc/arm-none-eabi/7.3.1/../../../../arm-none-eabi/lib/thumb/v7e-m/fpv4-sp/hard/libc.a(lib_a-freer.o)
 .debug_frame   0x0000000000000290       0x40 /Users/sorenmadsen/Documents/Programs/COEN20/workspace/tools/bin/../lib/gcc/arm-none-eabi/7.3.1/../../../../arm-none-eabi/lib/thumb/v7e-m/fpv4-sp/hard/libc.a(lib_a-localeconv.o)
 .debug_frame   0x00000000000002d0       0xb0 /Users/sorenmadsen/Documents/Programs/COEN20/workspace/tools/bin/../lib/gcc/arm-none-eabi/7.3.1/../../../../arm-none-eabi/lib/thumb/v7e-m/fpv4-sp/hard/libc.a(lib_a-lock.o)
 .debug_frame   0x0000000000000380       0x54 /Users/sorenmadsen/Documents/Programs/COEN20/workspace/tools/bin/../lib/gcc/arm-none-eabi/7.3.1/../../../../arm-none-eabi/lib/thumb/v7e-m/fpv4-sp/hard/libc.a(lib_a-mallocr.o)
 .debug_frame   0x00000000000003d4       0x30 /Users/sorenmadsen/Documents/Programs/COEN20/workspace/tools/bin/../lib/gcc/arm-none-eabi/7.3.1/../../../../arm-none-eabi/lib/thumb/v7e-m/fpv4-sp/hard/libc.a(lib_a-mlock.o)
 .debug_frame   0x0000000000000404      0x25c /Users/sorenmadsen/Documents/Programs/COEN20/workspace/tools/bin/../lib/gcc/arm-none-eabi/7.3.1/../../../../arm-none-eabi/lib/thumb/v7e-m/fpv4-sp/hard/libc.a(lib_a-mprec.o)
 .debug_frame   0x0000000000000660       0x2c /Users/sorenmadsen/Documents/Programs/COEN20/workspace/tools/bin/../lib/gcc/arm-none-eabi/7.3.1/../../../../arm-none-eabi/lib/thumb/v7e-m/fpv4-sp/hard/libc.a(lib_a-s_frexp.o)
 .debug_frame   0x000000000000068c       0x2c /Users/sorenmadsen/Documents/Programs/COEN20/workspace/tools/bin/../lib/gcc/arm-none-eabi/7.3.1/../../../../arm-none-eabi/lib/thumb/v7e-m/fpv4-sp/hard/libc.a(lib_a-sbrkr.o)
 .debug_frame   0x00000000000006b8       0x34 /Users/sorenmadsen/Documents/Programs/COEN20/workspace/tools/bin/../lib/gcc/arm-none-eabi/7.3.1/../../../../arm-none-eabi/lib/thumb/v7e-m/fpv4-sp/hard/libc.a(lib_a-strncpy.o)
 .debug_frame   0x00000000000006ec       0x40 /Users/sorenmadsen/Documents/Programs/COEN20/workspace/tools/bin/../lib/gcc/arm-none-eabi/7.3.1/../../../../arm-none-eabi/lib/thumb/v7e-m/fpv4-sp/hard/libc.a(lib_a-svfprintf.o)
 .debug_frame   0x000000000000072c       0x34 /Users/sorenmadsen/Documents/Programs/COEN20/workspace/tools/bin/../lib/gcc/arm-none-eabi/7.3.1/../../../../arm-none-eabi/lib/thumb/v7e-m/fpv4-sp/hard/libc.a(lib_a-__atexit.o)
 .debug_frame   0x0000000000000760       0x28 /Users/sorenmadsen/Documents/Programs/COEN20/workspace/tools/bin/../lib/gcc/arm-none-eabi/7.3.1/../../../../arm-none-eabi/lib/thumb/v7e-m/fpv4-sp/hard/libc.a(lib_a-callocr.o)
 .debug_frame   0x0000000000000788       0x6c /Users/sorenmadsen/Documents/Programs/COEN20/workspace/tools/bin/../lib/gcc/arm-none-eabi/7.3.1/../../../../arm-none-eabi/lib/thumb/v7e-m/fpv4-sp/hard/libc.a(lib_a-locale.o)
 .debug_frame   0x00000000000007f4       0x4c /Users/sorenmadsen/Documents/Programs/COEN20/workspace/tools/bin/../lib/gcc/arm-none-eabi/7.3.1/../../../../arm-none-eabi/lib/thumb/v7e-m/fpv4-sp/hard/libc.a(lib_a-mbtowc_r.o)
 .debug_frame   0x0000000000000840       0x40 /Users/sorenmadsen/Documents/Programs/COEN20/workspace/tools/bin/../lib/gcc/arm-none-eabi/7.3.1/../../../../arm-none-eabi/lib/thumb/v7e-m/fpv4-sp/hard/libc.a(lib_a-memmove.o)
 .debug_frame   0x0000000000000880       0x58 /Users/sorenmadsen/Documents/Programs/COEN20/workspace/tools/bin/../lib/gcc/arm-none-eabi/7.3.1/../../../../arm-none-eabi/lib/thumb/v7e-m/fpv4-sp/hard/libc.a(lib_a-reallocr.o)
 .debug_frame   0x00000000000008d8       0x68 /Users/sorenmadsen/Documents/Programs/COEN20/workspace/tools/bin/../lib/gcc/arm-none-eabi/7.3.1/../../../../arm-none-eabi/lib/thumb/v7e-m/fpv4-sp/hard/libc.a(lib_a-reent.o)
 .debug_frame   0x0000000000000940       0x74 /Users/sorenmadsen/Documents/Programs/COEN20/workspace/tools/bin/../lib/gcc/arm-none-eabi/7.3.1/../../../../arm-none-eabi/lib/thumb/v7e-m/fpv4-sp/hard/libc.a(lib_a-svfiprintf.o)
 .debug_frame   0x00000000000009b4       0x3c /Users/sorenmadsen/Documents/Programs/COEN20/workspace/tools/bin/../lib/gcc/arm-none-eabi/7.3.1/../../../../arm-none-eabi/lib/thumb/v7e-m/fpv4-sp/hard/libc.a(lib_a-wctomb_r.o)
 .debug_frame   0x00000000000009f0       0x20 /Users/sorenmadsen/Documents/Programs/COEN20/workspace/tools/bin/../lib/gcc/arm-none-eabi/7.3.1/../../../../arm-none-eabi/lib/thumb/v7e-m/fpv4-sp/hard/libnosys.a(sbrk.o)
 .debug_frame   0x0000000000000a10       0x20 /Users/sorenmadsen/Documents/Programs/COEN20/workspace/tools/bin/../lib/gcc/arm-none-eabi/7.3.1/../../../../arm-none-eabi/lib/thumb/v7e-m/fpv4-sp/hard/libnosys.a(_exit.o)
 .debug_frame   0x0000000000000a30       0xac /Users/sorenmadsen/Documents/Programs/COEN20/workspace/tools/bin/../lib/gcc/arm-none-eabi/7.3.1/thumb/v7e-m/fpv4-sp/hard/libgcc.a(_arm_addsubdf3.o)
 .debug_frame   0x0000000000000adc       0x50 /Users/sorenmadsen/Documents/Programs/COEN20/workspace/tools/bin/../lib/gcc/arm-none-eabi/7.3.1/thumb/v7e-m/fpv4-sp/hard/libgcc.a(_arm_muldivdf3.o)
 .debug_frame   0x0000000000000b2c       0xc4 /Users/sorenmadsen/Documents/Programs/COEN20/workspace/tools/bin/../lib/gcc/arm-none-eabi/7.3.1/thumb/v7e-m/fpv4-sp/hard/libgcc.a(_arm_cmpdf2.o)
 .debug_frame   0x0000000000000bf0       0x20 /Users/sorenmadsen/Documents/Programs/COEN20/workspace/tools/bin/../lib/gcc/arm-none-eabi/7.3.1/thumb/v7e-m/fpv4-sp/hard/libgcc.a(_arm_unorddf2.o)
 .debug_frame   0x0000000000000c10       0x24 /Users/sorenmadsen/Documents/Programs/COEN20/workspace/tools/bin/../lib/gcc/arm-none-eabi/7.3.1/thumb/v7e-m/fpv4-sp/hard/libgcc.a(_arm_fixdfsi.o)
 .debug_frame   0x0000000000000c34       0x2c /Users/sorenmadsen/Documents/Programs/COEN20/workspace/tools/bin/../lib/gcc/arm-none-eabi/7.3.1/thumb/v7e-m/fpv4-sp/hard/libgcc.a(_aeabi_uldivmod.o)
 .debug_frame   0x0000000000000c60       0x34 /Users/sorenmadsen/Documents/Programs/COEN20/workspace/tools/bin/../lib/gcc/arm-none-eabi/7.3.1/thumb/v7e-m/fpv4-sp/hard/libgcc.a(_udivmoddi4.o)

.stabstr        0x0000000000000000      0x117
 .stabstr       0x0000000000000000      0x117 /Users/sorenmadsen/Documents/Programs/COEN20/workspace/tools/bin/../lib/gcc/arm-none-eabi/7.3.1/../../../../arm-none-eabi/lib/thumb/v7e-m/fpv4-sp/hard/libnosys.a(close.o)
